<?xml version="1.0" encoding="ISO-8859-1" ?>
<link_info>
   <banner>TI ARM Linker PC v20.2.7.LTS</banner>
   <copyright>Copyright (c) 1996-2018 Texas Instruments Incorporated</copyright>
   <link_time>0x670db0bc</link_time>
   <link_errors>0x0</link_errors>
   <output_file>SeatHeater_sysCtl.out</output_file>
   <entry_point>
      <name>_c_int00_noargs</name>
      <address>0x7529</address>
   </entry_point>
   <input_file_list>
      <input_file id="fl-2">
         <path>.\</path>
         <kind>object</kind>
         <file>main.obj</file>
         <name>main.obj</name>
      </input_file>
      <input_file id="fl-3">
         <path>.\</path>
         <kind>object</kind>
         <file>tm4c123gh6pm_startup_ccs.obj</file>
         <name>tm4c123gh6pm_startup_ccs.obj</name>
      </input_file>
      <input_file id="fl-4">
         <path>.\APP\</path>
         <kind>object</kind>
         <file>APP.obj</file>
         <name>APP.obj</name>
      </input_file>
      <input_file id="fl-5">
         <path>.\FreeRTOS\Source\</path>
         <kind>object</kind>
         <file>event_groups.obj</file>
         <name>event_groups.obj</name>
      </input_file>
      <input_file id="fl-6">
         <path>.\FreeRTOS\Source\</path>
         <kind>object</kind>
         <file>list.obj</file>
         <name>list.obj</name>
      </input_file>
      <input_file id="fl-7">
         <path>.\FreeRTOS\Source\</path>
         <kind>object</kind>
         <file>queue.obj</file>
         <name>queue.obj</name>
      </input_file>
      <input_file id="fl-8">
         <path>.\FreeRTOS\Source\</path>
         <kind>object</kind>
         <file>tasks.obj</file>
         <name>tasks.obj</name>
      </input_file>
      <input_file id="fl-9">
         <path>.\FreeRTOS\Source\</path>
         <kind>object</kind>
         <file>timers.obj</file>
         <name>timers.obj</name>
      </input_file>
      <input_file id="fl-a">
         <path>.\FreeRTOS\Source\portable\CCS\ARM_CM4F\</path>
         <kind>object</kind>
         <file>port.obj</file>
         <name>port.obj</name>
      </input_file>
      <input_file id="fl-b">
         <path>.\FreeRTOS\Source\portable\CCS\ARM_CM4F\</path>
         <kind>object</kind>
         <file>portasm.obj</file>
         <name>portasm.obj</name>
      </input_file>
      <input_file id="fl-c">
         <path>.\FreeRTOS\Source\portable\MemMang\</path>
         <kind>object</kind>
         <file>heap_4.obj</file>
         <name>heap_4.obj</name>
      </input_file>
      <input_file id="fl-d">
         <path>.\HAL\</path>
         <kind>object</kind>
         <file>LED.obj</file>
         <name>LED.obj</name>
      </input_file>
      <input_file id="fl-e">
         <path>.\HAL\</path>
         <kind>object</kind>
         <file>Temperature_sensor.obj</file>
         <name>Temperature_sensor.obj</name>
      </input_file>
      <input_file id="fl-f">
         <path>.\HAL\</path>
         <kind>object</kind>
         <file>pushbutton.obj</file>
         <name>pushbutton.obj</name>
      </input_file>
      <input_file id="fl-10">
         <path>.\MCAL\</path>
         <kind>object</kind>
         <file>ADC.obj</file>
         <name>ADC.obj</name>
      </input_file>
      <input_file id="fl-11">
         <path>.\MCAL\</path>
         <kind>object</kind>
         <file>GPIO.obj</file>
         <name>GPIO.obj</name>
      </input_file>
      <input_file id="fl-12">
         <path>.\MCAL\</path>
         <kind>object</kind>
         <file>GPTM.obj</file>
         <name>GPTM.obj</name>
      </input_file>
      <input_file id="fl-13">
         <path>.\MCAL\</path>
         <kind>object</kind>
         <file>NVIC.obj</file>
         <name>NVIC.obj</name>
      </input_file>
      <input_file id="fl-14">
         <path>.\MCAL\</path>
         <kind>object</kind>
         <file>UART0.obj</file>
         <name>UART0.obj</name>
      </input_file>
      <input_file id="fl-15">
         <path>.\MCAL\</path>
         <kind>object</kind>
         <file>delay.obj</file>
         <name>delay.obj</name>
      </input_file>
      <input_file id="fl-19">
         <kind>object</kind>
         <file>&lt;internal&gt;</file>
         <name>&lt;internal&gt;</name>
      </input_file>
      <input_file id="fl-cf">
         <path>D:\programes\Code composer\installation files\ccs\tools\compiler\ti-cgt-arm_20.2.7.LTS\lib\</path>
         <kind>archive</kind>
         <file>rtsv7M4_T_le_v4SPD16_eabi.lib</file>
         <name>ll_mul_t2.asm.obj</name>
      </input_file>
      <input_file id="fl-d0">
         <path>D:\programes\Code composer\installation files\ccs\tools\compiler\ti-cgt-arm_20.2.7.LTS\lib\</path>
         <kind>archive</kind>
         <file>rtsv7M4_T_le_v4SPD16_eabi.lib</file>
         <name>memcpy_t2.asm.obj</name>
      </input_file>
      <input_file id="fl-d1">
         <path>D:\programes\Code composer\installation files\ccs\tools\compiler\ti-cgt-arm_20.2.7.LTS\lib\</path>
         <kind>archive</kind>
         <file>rtsv7M4_T_le_v4SPD16_eabi.lib</file>
         <name>memset_t2.asm.obj</name>
      </input_file>
      <input_file id="fl-d2">
         <path>D:\programes\Code composer\installation files\ccs\tools\compiler\ti-cgt-arm_20.2.7.LTS\lib\</path>
         <kind>archive</kind>
         <file>rtsv7M4_T_le_v4SPD16_eabi.lib</file>
         <name>ll_div_t2.asm.obj</name>
      </input_file>
      <input_file id="fl-d3">
         <path>D:\programes\Code composer\installation files\ccs\tools\compiler\ti-cgt-arm_20.2.7.LTS\lib\</path>
         <kind>archive</kind>
         <file>rtsv7M4_T_le_v4SPD16_eabi.lib</file>
         <name>ull_div_t2.asm.obj</name>
      </input_file>
      <input_file id="fl-d4">
         <path>D:\programes\Code composer\installation files\ccs\tools\compiler\ti-cgt-arm_20.2.7.LTS\lib\</path>
         <kind>archive</kind>
         <file>rtsv7M4_T_le_v4SPD16_eabi.lib</file>
         <name>copy_zero_init.c.obj</name>
      </input_file>
      <input_file id="fl-d5">
         <path>D:\programes\Code composer\installation files\ccs\tools\compiler\ti-cgt-arm_20.2.7.LTS\lib\</path>
         <kind>archive</kind>
         <file>rtsv7M4_T_le_v4SPD16_eabi.lib</file>
         <name>copy_decompress_none.c.obj</name>
      </input_file>
      <input_file id="fl-d6">
         <path>D:\programes\Code composer\installation files\ccs\tools\compiler\ti-cgt-arm_20.2.7.LTS\lib\</path>
         <kind>archive</kind>
         <file>rtsv7M4_T_le_v4SPD16_eabi.lib</file>
         <name>copy_decompress_lzss.c.obj</name>
      </input_file>
      <input_file id="fl-d7">
         <path>D:\programes\Code composer\installation files\ccs\tools\compiler\ti-cgt-arm_20.2.7.LTS\lib\</path>
         <kind>archive</kind>
         <file>rtsv7M4_T_le_v4SPD16_eabi.lib</file>
         <name>boot_cortex_m.c.obj</name>
      </input_file>
      <input_file id="fl-d8">
         <path>D:\programes\Code composer\installation files\ccs\tools\compiler\ti-cgt-arm_20.2.7.LTS\lib\</path>
         <kind>archive</kind>
         <file>rtsv7M4_T_le_v4SPD16_eabi.lib</file>
         <name>div0.asm.obj</name>
      </input_file>
      <input_file id="fl-d9">
         <path>D:\programes\Code composer\installation files\ccs\tools\compiler\ti-cgt-arm_20.2.7.LTS\lib\</path>
         <kind>archive</kind>
         <file>rtsv7M4_T_le_v4SPD16_eabi.lib</file>
         <name>autoinit.c.obj</name>
      </input_file>
      <input_file id="fl-da">
         <path>D:\programes\Code composer\installation files\ccs\tools\compiler\ti-cgt-arm_20.2.7.LTS\lib\</path>
         <kind>archive</kind>
         <file>rtsv7M4_T_le_v4SPD16_eabi.lib</file>
         <name>pre_init.c.obj</name>
      </input_file>
      <input_file id="fl-db">
         <path>D:\programes\Code composer\installation files\ccs\tools\compiler\ti-cgt-arm_20.2.7.LTS\lib\</path>
         <kind>archive</kind>
         <file>rtsv7M4_T_le_v4SPD16_eabi.lib</file>
         <name>cpy_tbl.c.obj</name>
      </input_file>
      <input_file id="fl-dc">
         <path>D:\programes\Code composer\installation files\ccs\tools\compiler\ti-cgt-arm_20.2.7.LTS\lib\</path>
         <kind>archive</kind>
         <file>rtsv7M4_T_le_v4SPD16_eabi.lib</file>
         <name>exit.c.obj</name>
      </input_file>
      <input_file id="fl-dd">
         <path>D:\programes\Code composer\installation files\ccs\tools\compiler\ti-cgt-arm_20.2.7.LTS\lib\</path>
         <kind>archive</kind>
         <file>rtsv7M4_T_le_v4SPD16_eabi.lib</file>
         <name>_lock.c.obj</name>
      </input_file>
      <input_file id="fl-de">
         <path>D:\programes\Code composer\installation files\ccs\tools\compiler\ti-cgt-arm_20.2.7.LTS\lib\</path>
         <kind>archive</kind>
         <file>rtsv7M4_T_le_v4SPD16_eabi.lib</file>
         <name>args_main.c.obj</name>
      </input_file>
   </input_file_list>
   <object_component_list>
      <object_component id="oc-12">
         <name>.intvecs</name>
         <load_address>0x0</load_address>
         <run_address>0x0</run_address>
         <size>0x26c</size>
         <input_file_ref idref="fl-3"/>
      </object_component>
      <object_component id="oc-85">
         <name>.text</name>
         <load_address>0x26c</load_address>
         <run_address>0x26c</run_address>
         <size>0x23e0</size>
         <input_file_ref idref="fl-8"/>
      </object_component>
      <object_component id="oc-c4">
         <name>.text</name>
         <load_address>0x264c</load_address>
         <run_address>0x264c</run_address>
         <size>0x131c</size>
         <input_file_ref idref="fl-7"/>
      </object_component>
      <object_component id="oc-197">
         <name>.text</name>
         <load_address>0x3968</load_address>
         <run_address>0x3968</run_address>
         <size>0xce8</size>
         <input_file_ref idref="fl-11"/>
      </object_component>
      <object_component id="oc-38">
         <name>.text</name>
         <load_address>0x4650</load_address>
         <run_address>0x4650</run_address>
         <size>0xa90</size>
         <input_file_ref idref="fl-4"/>
      </object_component>
      <object_component id="oc-a0">
         <name>.text</name>
         <load_address>0x50e0</load_address>
         <run_address>0x50e0</run_address>
         <size>0x7bc</size>
         <input_file_ref idref="fl-9"/>
      </object_component>
      <object_component id="oc-cd">
         <name>.text</name>
         <load_address>0x589c</load_address>
         <run_address>0x589c</run_address>
         <size>0x4fe</size>
         <input_file_ref idref="fl-5"/>
      </object_component>
      <object_component id="oc-285">
         <name>.text</name>
         <load_address>0x5d9a</load_address>
         <run_address>0x5d9a</run_address>
         <size>0x2</size>
         <input_file_ref idref="fl-d8"/>
      </object_component>
      <object_component id="oc-13e">
         <name>.text</name>
         <load_address>0x5d9c</load_address>
         <run_address>0x5d9c</run_address>
         <size>0x460</size>
         <input_file_ref idref="fl-c"/>
      </object_component>
      <object_component id="oc-122">
         <name>.text</name>
         <load_address>0x61fc</load_address>
         <run_address>0x61fc</run_address>
         <size>0x3a4</size>
         <input_file_ref idref="fl-2"/>
      </object_component>
      <object_component id="oc-32">
         <name>.text</name>
         <load_address>0x65a0</load_address>
         <run_address>0x65a0</run_address>
         <size>0x2b0</size>
         <input_file_ref idref="fl-a"/>
      </object_component>
      <object_component id="oc-b8">
         <name>.text</name>
         <load_address>0x6850</load_address>
         <run_address>0x6850</run_address>
         <size>0x28c</size>
         <input_file_ref idref="fl-14"/>
      </object_component>
      <object_component id="oc-275">
         <name>.text</name>
         <load_address>0x6adc</load_address>
         <run_address>0x6adc</run_address>
         <size>0x20c</size>
         <input_file_ref idref="fl-13"/>
      </object_component>
      <object_component id="oc-1a4">
         <name>.text</name>
         <load_address>0x6ce8</load_address>
         <run_address>0x6ce8</run_address>
         <size>0x194</size>
         <input_file_ref idref="fl-10"/>
      </object_component>
      <object_component id="oc-144">
         <name>.text</name>
         <load_address>0x6e7c</load_address>
         <run_address>0x6e7c</run_address>
         <size>0x12a</size>
         <input_file_ref idref="fl-6"/>
      </object_component>
      <object_component id="oc-2d">
         <name>.text</name>
         <load_address>0x6fa8</load_address>
         <run_address>0x6fa8</run_address>
         <size>0xda</size>
         <input_file_ref idref="fl-b"/>
      </object_component>
      <object_component id="oc-ac">
         <name>.text</name>
         <load_address>0x7082</load_address>
         <run_address>0x7082</run_address>
         <size>0xaa</size>
         <input_file_ref idref="fl-f"/>
      </object_component>
      <object_component id="oc-4c">
         <name>.text</name>
         <load_address>0x712c</load_address>
         <run_address>0x712c</run_address>
         <size>0x9c</size>
         <input_file_ref idref="fl-d0"/>
      </object_component>
      <object_component id="oc-28a">
         <name>.text</name>
         <load_address>0x71c8</load_address>
         <run_address>0x71c8</run_address>
         <size>0x96</size>
         <input_file_ref idref="fl-d3"/>
      </object_component>
      <object_component id="oc-116">
         <name>.text</name>
         <load_address>0x725e</load_address>
         <run_address>0x725e</run_address>
         <size>0x7a</size>
         <input_file_ref idref="fl-d1"/>
      </object_component>
      <object_component id="oc-a6">
         <name>.text</name>
         <load_address>0x72d8</load_address>
         <run_address>0x72d8</run_address>
         <size>0x74</size>
         <input_file_ref idref="fl-d"/>
      </object_component>
      <object_component id="oc-1ae">
         <name>.text</name>
         <load_address>0x734c</load_address>
         <run_address>0x734c</run_address>
         <size>0x6e</size>
         <input_file_ref idref="fl-d2"/>
      </object_component>
      <object_component id="oc-b2">
         <name>.text</name>
         <load_address>0x73bc</load_address>
         <run_address>0x73bc</run_address>
         <size>0x6c</size>
         <input_file_ref idref="fl-e"/>
      </object_component>
      <object_component id="oc-15">
         <name>.text:decompress:lzss:__TI_decompress_lzss</name>
         <load_address>0x7428</load_address>
         <run_address>0x7428</run_address>
         <size>0x68</size>
         <input_file_ref idref="fl-d6"/>
      </object_component>
      <object_component id="oc-be">
         <name>.text</name>
         <load_address>0x7490</load_address>
         <run_address>0x7490</run_address>
         <size>0x54</size>
         <input_file_ref idref="fl-12"/>
      </object_component>
      <object_component id="oc-209">
         <name>.text:__TI_auto_init_nobinit_nopinit:__TI_auto_init_nobinit_nopinit</name>
         <load_address>0x74e4</load_address>
         <run_address>0x74e4</run_address>
         <size>0x44</size>
         <input_file_ref idref="fl-d9"/>
      </object_component>
      <object_component id="oc-6a">
         <name>.text:_c_int00_noargs:_c_int00_noargs</name>
         <load_address>0x7528</load_address>
         <run_address>0x7528</run_address>
         <size>0x34</size>
         <input_file_ref idref="fl-d7"/>
      </object_component>
      <object_component id="oc-1b">
         <name>.text:decompress:none:__TI_decompress_none</name>
         <load_address>0x755c</load_address>
         <run_address>0x755c</run_address>
         <size>0xe</size>
         <input_file_ref idref="fl-d5"/>
      </object_component>
      <object_component id="oc-5e">
         <name>.text:decompress:ZI:__TI_zero_init</name>
         <load_address>0x756a</load_address>
         <run_address>0x756a</run_address>
         <size>0xc</size>
         <input_file_ref idref="fl-d4"/>
      </object_component>
      <object_component id="oc-27">
         <name>.text</name>
         <load_address>0x7576</load_address>
         <run_address>0x7576</run_address>
         <size>0xc</size>
         <input_file_ref idref="fl-3"/>
      </object_component>
      <object_component id="oc-11c">
         <name>.text:_system_pre_init</name>
         <load_address>0x7582</load_address>
         <run_address>0x7582</run_address>
         <size>0x4</size>
         <input_file_ref idref="fl-da"/>
      </object_component>
      <object_component id="oc-1fd">
         <name>.text:abort:abort</name>
         <load_address>0x7586</load_address>
         <run_address>0x7586</run_address>
         <size>0x4</size>
         <input_file_ref idref="fl-dc"/>
      </object_component>
      <object_component id="oc-2a0">
         <name>.const:.string</name>
         <load_address>0x758c</load_address>
         <run_address>0x758c</run_address>
         <size>0x12</size>
         <input_file_ref idref="fl-4"/>
      </object_component>
      <object_component id="oc-82">
         <name>.const</name>
         <load_address>0x75a0</load_address>
         <run_address>0x75a0</run_address>
         <size>0x8</size>
         <input_file_ref idref="fl-a"/>
      </object_component>
      <object_component id="oc-157">
         <name>.const</name>
         <load_address>0x75a8</load_address>
         <run_address>0x75a8</run_address>
         <size>0x4</size>
         <input_file_ref idref="fl-8"/>
      </object_component>
      <object_component id="oc-33e">
         <name>.cinit..data.load</name>
         <load_address>0x75b0</load_address>
         <run_address>0x75b0</run_address>
         <size>0x51</size>
      </object_component>
      <object_component id="oc-33c">
         <name>__TI_handler_table</name>
         <load_address>0x7604</load_address>
         <run_address>0x7604</run_address>
         <size>0xc</size>
      </object_component>
      <object_component id="oc-33f">
         <name>.cinit..bss.load</name>
         <load_address>0x7610</load_address>
         <run_address>0x7610</run_address>
         <size>0x8</size>
      </object_component>
      <object_component id="oc-33d">
         <name>__TI_cinit_table</name>
         <load_address>0x7618</load_address>
         <run_address>0x7618</run_address>
         <size>0x10</size>
      </object_component>
      <object_component id="oc-1ed">
         <name>.data:driver</name>
         <load_address>0x20005f50</load_address>
         <run_address>0x20005f50</run_address>
         <size>0x8</size>
         <input_file_ref idref="fl-4"/>
      </object_component>
      <object_component id="oc-1f1">
         <name>.data:passenger</name>
         <load_address>0x20005f58</load_address>
         <run_address>0x20005f58</run_address>
         <size>0x8</size>
         <input_file_ref idref="fl-4"/>
      </object_component>
      <object_component id="oc-7f">
         <name>.data</name>
         <load_address>0x20005ef0</load_address>
         <run_address>0x20005ef0</run_address>
         <size>0x34</size>
         <input_file_ref idref="fl-8"/>
      </object_component>
      <object_component id="oc-17f">
         <name>.data</name>
         <load_address>0x20005f44</load_address>
         <run_address>0x20005f44</run_address>
         <size>0xc</size>
         <input_file_ref idref="fl-9"/>
      </object_component>
      <object_component id="oc-8c">
         <name>.data</name>
         <load_address>0x20005f38</load_address>
         <run_address>0x20005f38</run_address>
         <size>0xc</size>
         <input_file_ref idref="fl-a"/>
      </object_component>
      <object_component id="oc-24c">
         <name>.data</name>
         <load_address>0x20005f24</load_address>
         <run_address>0x20005f24</run_address>
         <size>0x14</size>
         <input_file_ref idref="fl-c"/>
      </object_component>
      <object_component id="oc-1aa">
         <name>.data:configs</name>
         <load_address>0x20005e90</load_address>
         <run_address>0x20005e90</run_address>
         <size>0x60</size>
         <input_file_ref idref="fl-10"/>
      </object_component>
      <object_component id="oc-14a">
         <name>.bss:pxReadyTasksLists</name>
         <uninitialized>true</uninitialized>
         <run_address>0x20005a84</run_address>
         <size>0x64</size>
         <input_file_ref idref="fl-8"/>
      </object_component>
      <object_component id="oc-15e">
         <name>.bss:xDelayedTaskList1</name>
         <uninitialized>true</uninitialized>
         <run_address>0x20005bac</run_address>
         <size>0x14</size>
         <input_file_ref idref="fl-8"/>
      </object_component>
      <object_component id="oc-161">
         <name>.bss:xDelayedTaskList2</name>
         <uninitialized>true</uninitialized>
         <run_address>0x20005bc0</run_address>
         <size>0x14</size>
         <input_file_ref idref="fl-8"/>
      </object_component>
      <object_component id="oc-15a">
         <name>.bss</name>
         <uninitialized>true</uninitialized>
         <run_address>0x20005c10</run_address>
         <size>0x8</size>
         <input_file_ref idref="fl-8"/>
      </object_component>
      <object_component id="oc-153">
         <name>.bss:xPendingReadyList</name>
         <uninitialized>true</uninitialized>
         <run_address>0x20005bd4</run_address>
         <size>0x14</size>
         <input_file_ref idref="fl-8"/>
      </object_component>
      <object_component id="oc-14d">
         <name>.bss:xTasksWaitingTermination</name>
         <uninitialized>true</uninitialized>
         <run_address>0x20005bfc</run_address>
         <size>0x14</size>
         <input_file_ref idref="fl-8"/>
      </object_component>
      <object_component id="oc-150">
         <name>.bss:xSuspendedTaskList</name>
         <uninitialized>true</uninitialized>
         <run_address>0x20005be8</run_address>
         <size>0x14</size>
         <input_file_ref idref="fl-8"/>
      </object_component>
      <object_component id="oc-185">
         <name>.bss:xActiveTimerList1</name>
         <uninitialized>true</uninitialized>
         <run_address>0x20005b84</run_address>
         <size>0x14</size>
         <input_file_ref idref="fl-9"/>
      </object_component>
      <object_component id="oc-188">
         <name>.bss:xActiveTimerList2</name>
         <uninitialized>true</uninitialized>
         <run_address>0x20005b98</run_address>
         <size>0x14</size>
         <input_file_ref idref="fl-9"/>
      </object_component>
      <object_component id="oc-182">
         <name>.bss</name>
         <uninitialized>true</uninitialized>
         <run_address>0x20005c18</run_address>
         <size>0x8</size>
         <input_file_ref idref="fl-9"/>
      </object_component>
      <object_component id="oc-252">
         <name>.bss:ucHeap</name>
         <uninitialized>true</uninitialized>
         <run_address>0x20000000</run_address>
         <size>0x5a84</size>
         <input_file_ref idref="fl-c"/>
      </object_component>
      <object_component id="oc-24f">
         <name>.bss:xStart</name>
         <uninitialized>true</uninitialized>
         <run_address>0x20005c20</run_address>
         <size>0x8</size>
         <input_file_ref idref="fl-c"/>
      </object_component>
      <object_component id="oc-1ea">
         <name>.common:task0handle</name>
         <uninitialized>true</uninitialized>
         <run_address>0x20005c5c</run_address>
         <size>0x4</size>
      </object_component>
      <object_component id="oc-1eb">
         <name>.common:task1handle</name>
         <uninitialized>true</uninitialized>
         <run_address>0x20005c68</run_address>
         <size>0x4</size>
      </object_component>
      <object_component id="oc-1ec">
         <name>.common:task2handle</name>
         <uninitialized>true</uninitialized>
         <run_address>0x20005c6c</run_address>
         <size>0x4</size>
      </object_component>
      <object_component id="oc-1f0">
         <name>.common:task3handle</name>
         <uninitialized>true</uninitialized>
         <run_address>0x20005c70</run_address>
         <size>0x4</size>
      </object_component>
      <object_component id="oc-1f4">
         <name>.common:task4handle</name>
         <uninitialized>true</uninitialized>
         <run_address>0x20005c74</run_address>
         <size>0x4</size>
      </object_component>
      <object_component id="oc-1f5">
         <name>.common:task5handle</name>
         <uninitialized>true</uninitialized>
         <run_address>0x20005c78</run_address>
         <size>0x4</size>
      </object_component>
      <object_component id="oc-1f6">
         <name>.common:task6handle</name>
         <uninitialized>true</uninitialized>
         <run_address>0x20005c7c</run_address>
         <size>0x4</size>
      </object_component>
      <object_component id="oc-1f7">
         <name>.common:task7handle</name>
         <uninitialized>true</uninitialized>
         <run_address>0x20005c80</run_address>
         <size>0x4</size>
      </object_component>
      <object_component id="oc-1fa">
         <name>.common:task8handle</name>
         <uninitialized>true</uninitialized>
         <run_address>0x20005c84</run_address>
         <size>0x4</size>
      </object_component>
      <object_component id="oc-1fb">
         <name>.common:task9handle</name>
         <uninitialized>true</uninitialized>
         <run_address>0x20005c88</run_address>
         <size>0x4</size>
      </object_component>
      <object_component id="oc-1f8">
         <name>.common:task10handle</name>
         <uninitialized>true</uninitialized>
         <run_address>0x20005c60</run_address>
         <size>0x4</size>
      </object_component>
      <object_component id="oc-1f9">
         <name>.common:task11handle</name>
         <uninitialized>true</uninitialized>
         <run_address>0x20005c64</run_address>
         <size>0x4</size>
      </object_component>
      <object_component id="oc-d3">
         <name>.common:ADC_mutex</name>
         <uninitialized>true</uninitialized>
         <run_address>0x20005c28</run_address>
         <size>0x4</size>
      </object_component>
      <object_component id="oc-d4">
         <name>.common:UART_mutex</name>
         <uninitialized>true</uninitialized>
         <run_address>0x20005c58</run_address>
         <size>0x4</size>
      </object_component>
      <object_component id="oc-d7">
         <name>.common:Q_desiredTempDriver</name>
         <uninitialized>true</uninitialized>
         <run_address>0x20005c40</run_address>
         <size>0x4</size>
      </object_component>
      <object_component id="oc-d8">
         <name>.common:Q_desiredTempPassenger</name>
         <uninitialized>true</uninitialized>
         <run_address>0x20005c44</run_address>
         <size>0x4</size>
      </object_component>
      <object_component id="oc-d5">
         <name>.common:Q_currentTempDriver</name>
         <uninitialized>true</uninitialized>
         <run_address>0x20005c38</run_address>
         <size>0x4</size>
      </object_component>
      <object_component id="oc-d6">
         <name>.common:Q_currentTempPassenger</name>
         <uninitialized>true</uninitialized>
         <run_address>0x20005c3c</run_address>
         <size>0x4</size>
      </object_component>
      <object_component id="oc-db">
         <name>.common:QS_DriverTemp</name>
         <uninitialized>true</uninitialized>
         <run_address>0x20005c30</run_address>
         <size>0x4</size>
      </object_component>
      <object_component id="oc-dc">
         <name>.common:QS_PassengerTemp</name>
         <uninitialized>true</uninitialized>
         <run_address>0x20005c34</run_address>
         <size>0x4</size>
      </object_component>
      <object_component id="oc-d9">
         <name>.common:Q_heatingLevelDriver</name>
         <uninitialized>true</uninitialized>
         <run_address>0x20005c48</run_address>
         <size>0x4</size>
      </object_component>
      <object_component id="oc-dd">
         <name>.common:Q_heatingModeDriver</name>
         <uninitialized>true</uninitialized>
         <run_address>0x20005c50</run_address>
         <size>0x4</size>
      </object_component>
      <object_component id="oc-da">
         <name>.common:Q_heatingLevelPassenger</name>
         <uninitialized>true</uninitialized>
         <run_address>0x20005c4c</run_address>
         <size>0x4</size>
      </object_component>
      <object_component id="oc-de">
         <name>.common:Q_heatingModePassenger</name>
         <uninitialized>true</uninitialized>
         <run_address>0x20005c54</run_address>
         <size>0x4</size>
      </object_component>
      <object_component id="oc-ca">
         <name>.common:PB_group</name>
         <uninitialized>true</uninitialized>
         <run_address>0x20005c2c</run_address>
         <size>0x4</size>
      </object_component>
      <object_component id="oc-15d">
         <name>.common:ullTasksOutTime</name>
         <uninitialized>true</uninitialized>
         <run_address>0x20005b1c</run_address>
         <size>0x34</size>
      </object_component>
      <object_component id="oc-156">
         <name>.common:ullTasksInTime</name>
         <uninitialized>true</uninitialized>
         <run_address>0x20005ae8</run_address>
         <size>0x34</size>
      </object_component>
      <object_component id="oc-df">
         <name>.common:ullTasksTotalTime</name>
         <uninitialized>true</uninitialized>
         <run_address>0x20005b50</run_address>
         <size>0x34</size>
      </object_component>
      <object_component id="oc-24">
         <name>.stack</name>
         <uninitialized>true</uninitialized>
         <run_address>0x20005c90</run_address>
         <size>0x4</size>
         <input_file_ref idref="fl-d7"/>
      </object_component>
      <object_component id="oc-341">
         <name>.stack</name>
         <uninitialized>true</uninitialized>
         <run_address>0x20005c90</run_address>
         <size>0x0</size>
      </object_component>
      <object_component id="oc-178">
         <name>.debug_info</name>
         <load_address>0x0</load_address>
         <run_address>0x0</run_address>
         <size>0xc2c</size>
         <input_file_ref idref="fl-2"/>
      </object_component>
      <object_component id="oc-123">
         <name>.debug_info</name>
         <load_address>0xc2c</load_address>
         <run_address>0xc2c</run_address>
         <size>0x54c</size>
         <input_file_ref idref="fl-2"/>
      </object_component>
      <object_component id="oc-e1">
         <name>.debug_info</name>
         <load_address>0x1178</load_address>
         <run_address>0x1178</run_address>
         <size>0x315</size>
         <input_file_ref idref="fl-2"/>
      </object_component>
      <object_component id="oc-27c">
         <name>.debug_info</name>
         <load_address>0x148d</load_address>
         <run_address>0x148d</run_address>
         <size>0xe7</size>
         <input_file_ref idref="fl-2"/>
      </object_component>
      <object_component id="oc-19e">
         <name>.debug_info</name>
         <load_address>0x1574</load_address>
         <run_address>0x1574</run_address>
         <size>0x48</size>
         <input_file_ref idref="fl-2"/>
      </object_component>
      <object_component id="oc-1c4">
         <name>.debug_info</name>
         <load_address>0x15bc</load_address>
         <run_address>0x15bc</run_address>
         <size>0x120</size>
         <input_file_ref idref="fl-2"/>
      </object_component>
      <object_component id="oc-f0">
         <name>.debug_info</name>
         <load_address>0x16dc</load_address>
         <run_address>0x16dc</run_address>
         <size>0xdd</size>
         <input_file_ref idref="fl-2"/>
      </object_component>
      <object_component id="oc-fc">
         <name>.debug_info</name>
         <load_address>0x17b9</load_address>
         <run_address>0x17b9</run_address>
         <size>0x26b</size>
         <input_file_ref idref="fl-2"/>
      </object_component>
      <object_component id="oc-173">
         <name>.debug_info</name>
         <load_address>0x1a24</load_address>
         <run_address>0x1a24</run_address>
         <size>0x40d</size>
         <input_file_ref idref="fl-2"/>
      </object_component>
      <object_component id="oc-eb">
         <name>.debug_info</name>
         <load_address>0x1e31</load_address>
         <run_address>0x1e31</run_address>
         <size>0x42</size>
         <input_file_ref idref="fl-2"/>
      </object_component>
      <object_component id="oc-f5">
         <name>.debug_info</name>
         <load_address>0x1e73</load_address>
         <run_address>0x1e73</run_address>
         <size>0x4f</size>
         <input_file_ref idref="fl-2"/>
      </object_component>
      <object_component id="oc-1ce">
         <name>.debug_info</name>
         <load_address>0x1ec2</load_address>
         <run_address>0x1ec2</run_address>
         <size>0x2c</size>
         <input_file_ref idref="fl-2"/>
      </object_component>
      <object_component id="oc-47">
         <name>.debug_info</name>
         <load_address>0x1eee</load_address>
         <run_address>0x1eee</run_address>
         <size>0x84</size>
         <input_file_ref idref="fl-2"/>
      </object_component>
      <object_component id="oc-91">
         <name>.debug_info</name>
         <load_address>0x1f72</load_address>
         <run_address>0x1f72</run_address>
         <size>0x2c</size>
         <input_file_ref idref="fl-2"/>
      </object_component>
      <object_component id="oc-1c9">
         <name>.debug_info</name>
         <load_address>0x1f9e</load_address>
         <run_address>0x1f9e</run_address>
         <size>0x4f</size>
         <input_file_ref idref="fl-2"/>
      </object_component>
      <object_component id="oc-17a">
         <name>.debug_info</name>
         <load_address>0x1fed</load_address>
         <run_address>0x1fed</run_address>
         <size>0x2a4</size>
         <input_file_ref idref="fl-2"/>
      </object_component>
      <object_component id="oc-9b">
         <name>.debug_info</name>
         <load_address>0x2291</load_address>
         <run_address>0x2291</run_address>
         <size>0xbb</size>
         <input_file_ref idref="fl-2"/>
      </object_component>
      <object_component id="oc-e6">
         <name>.debug_info</name>
         <load_address>0x234c</load_address>
         <run_address>0x234c</run_address>
         <size>0xae</size>
         <input_file_ref idref="fl-2"/>
      </object_component>
      <object_component id="oc-169">
         <name>.debug_info</name>
         <load_address>0x23fa</load_address>
         <run_address>0x23fa</run_address>
         <size>0x53</size>
         <input_file_ref idref="fl-2"/>
      </object_component>
      <object_component id="oc-96">
         <name>.debug_info</name>
         <load_address>0x244d</load_address>
         <run_address>0x244d</run_address>
         <size>0x53</size>
         <input_file_ref idref="fl-2"/>
      </object_component>
      <object_component id="oc-16e">
         <name>.debug_info</name>
         <load_address>0x24a0</load_address>
         <run_address>0x24a0</run_address>
         <size>0x14c</size>
         <input_file_ref idref="fl-2"/>
      </object_component>
      <object_component id="oc-40">
         <name>.debug_info</name>
         <load_address>0x25ec</load_address>
         <run_address>0x25ec</run_address>
         <size>0x3ae</size>
         <input_file_ref idref="fl-3"/>
      </object_component>
      <object_component id="oc-13">
         <name>.debug_info</name>
         <load_address>0x299a</load_address>
         <run_address>0x299a</run_address>
         <size>0x11d</size>
         <input_file_ref idref="fl-3"/>
      </object_component>
      <object_component id="oc-2b">
         <name>.debug_info</name>
         <load_address>0x2ab7</load_address>
         <run_address>0x2ab7</run_address>
         <size>0x299</size>
         <input_file_ref idref="fl-3"/>
      </object_component>
      <object_component id="oc-cb">
         <name>.debug_info</name>
         <load_address>0x2d50</load_address>
         <run_address>0x2d50</run_address>
         <size>0xe40</size>
         <input_file_ref idref="fl-4"/>
      </object_component>
      <object_component id="oc-1ee">
         <name>.debug_info</name>
         <load_address>0x3b90</load_address>
         <run_address>0x3b90</run_address>
         <size>0x100</size>
         <input_file_ref idref="fl-4"/>
      </object_component>
      <object_component id="oc-1f2">
         <name>.debug_info</name>
         <load_address>0x3c90</load_address>
         <run_address>0x3c90</run_address>
         <size>0x106</size>
         <input_file_ref idref="fl-4"/>
      </object_component>
      <object_component id="oc-39">
         <name>.debug_info</name>
         <load_address>0x3d96</load_address>
         <run_address>0x3d96</run_address>
         <size>0x1642</size>
         <input_file_ref idref="fl-4"/>
      </object_component>
      <object_component id="oc-1d9">
         <name>.debug_info</name>
         <load_address>0x53d8</load_address>
         <run_address>0x53d8</run_address>
         <size>0x6b8</size>
         <input_file_ref idref="fl-5"/>
      </object_component>
      <object_component id="oc-d0">
         <name>.debug_info</name>
         <load_address>0x5a90</load_address>
         <run_address>0x5a90</run_address>
         <size>0x13c6</size>
         <input_file_ref idref="fl-5"/>
      </object_component>
      <object_component id="oc-1bd">
         <name>.debug_info</name>
         <load_address>0x6e56</load_address>
         <run_address>0x6e56</run_address>
         <size>0x110</size>
         <input_file_ref idref="fl-5"/>
      </object_component>
      <object_component id="oc-247">
         <name>.debug_info</name>
         <load_address>0x6f66</load_address>
         <run_address>0x6f66</run_address>
         <size>0x40d</size>
         <input_file_ref idref="fl-5"/>
      </object_component>
      <object_component id="oc-29b">
         <name>.debug_info</name>
         <load_address>0x7373</load_address>
         <run_address>0x7373</run_address>
         <size>0x62</size>
         <input_file_ref idref="fl-5"/>
      </object_component>
      <object_component id="oc-1d4">
         <name>.debug_info</name>
         <load_address>0x73d5</load_address>
         <run_address>0x73d5</run_address>
         <size>0x39</size>
         <input_file_ref idref="fl-5"/>
      </object_component>
      <object_component id="oc-2d2">
         <name>.debug_info</name>
         <load_address>0x740e</load_address>
         <run_address>0x740e</run_address>
         <size>0x109</size>
         <input_file_ref idref="fl-5"/>
      </object_component>
      <object_component id="oc-258">
         <name>.debug_info</name>
         <load_address>0x7517</load_address>
         <run_address>0x7517</run_address>
         <size>0x3b6</size>
         <input_file_ref idref="fl-6"/>
      </object_component>
      <object_component id="oc-146">
         <name>.debug_info</name>
         <load_address>0x78cd</load_address>
         <run_address>0x78cd</run_address>
         <size>0x526</size>
         <input_file_ref idref="fl-6"/>
      </object_component>
      <object_component id="oc-1bc">
         <name>.debug_info</name>
         <load_address>0x7df3</load_address>
         <run_address>0x7df3</run_address>
         <size>0x95b</size>
         <input_file_ref idref="fl-7"/>
      </object_component>
      <object_component id="oc-c6">
         <name>.debug_info</name>
         <load_address>0x874e</load_address>
         <run_address>0x874e</run_address>
         <size>0x3ec6</size>
         <input_file_ref idref="fl-7"/>
      </object_component>
      <object_component id="oc-294">
         <name>.debug_info</name>
         <load_address>0xc614</load_address>
         <run_address>0xc614</run_address>
         <size>0x1db</size>
         <input_file_ref idref="fl-7"/>
      </object_component>
      <object_component id="oc-1b7">
         <name>.debug_info</name>
         <load_address>0xc7ef</load_address>
         <run_address>0xc7ef</run_address>
         <size>0x46</size>
         <input_file_ref idref="fl-7"/>
      </object_component>
      <object_component id="oc-23d">
         <name>.debug_info</name>
         <load_address>0xc835</load_address>
         <run_address>0xc835</run_address>
         <size>0x35</size>
         <input_file_ref idref="fl-7"/>
      </object_component>
      <object_component id="oc-136">
         <name>.debug_info</name>
         <load_address>0xc86a</load_address>
         <run_address>0xc86a</run_address>
         <size>0x91f</size>
         <input_file_ref idref="fl-8"/>
      </object_component>
      <object_component id="oc-80">
         <name>.debug_info</name>
         <load_address>0xd189</load_address>
         <run_address>0xd189</run_address>
         <size>0x37b</size>
         <input_file_ref idref="fl-8"/>
      </object_component>
      <object_component id="oc-14b">
         <name>.debug_info</name>
         <load_address>0xd504</load_address>
         <run_address>0xd504</run_address>
         <size>0x124</size>
         <input_file_ref idref="fl-8"/>
      </object_component>
      <object_component id="oc-15f">
         <name>.debug_info</name>
         <load_address>0xd628</load_address>
         <run_address>0xd628</run_address>
         <size>0x124</size>
         <input_file_ref idref="fl-8"/>
      </object_component>
      <object_component id="oc-162">
         <name>.debug_info</name>
         <load_address>0xd74c</load_address>
         <run_address>0xd74c</run_address>
         <size>0x124</size>
         <input_file_ref idref="fl-8"/>
      </object_component>
      <object_component id="oc-15b">
         <name>.debug_info</name>
         <load_address>0xd870</load_address>
         <run_address>0xd870</run_address>
         <size>0x167</size>
         <input_file_ref idref="fl-8"/>
      </object_component>
      <object_component id="oc-154">
         <name>.debug_info</name>
         <load_address>0xd9d7</load_address>
         <run_address>0xd9d7</run_address>
         <size>0x124</size>
         <input_file_ref idref="fl-8"/>
      </object_component>
      <object_component id="oc-14e">
         <name>.debug_info</name>
         <load_address>0xdafb</load_address>
         <run_address>0xdafb</run_address>
         <size>0x132</size>
         <input_file_ref idref="fl-8"/>
      </object_component>
      <object_component id="oc-151">
         <name>.debug_info</name>
         <load_address>0xdc2d</load_address>
         <run_address>0xdc2d</run_address>
         <size>0x126</size>
         <input_file_ref idref="fl-8"/>
      </object_component>
      <object_component id="oc-158">
         <name>.debug_info</name>
         <load_address>0xdd53</load_address>
         <run_address>0xdd53</run_address>
         <size>0x125</size>
         <input_file_ref idref="fl-8"/>
      </object_component>
      <object_component id="oc-87">
         <name>.debug_info</name>
         <load_address>0xde78</load_address>
         <run_address>0xde78</run_address>
         <size>0x518d</size>
         <input_file_ref idref="fl-8"/>
      </object_component>
      <object_component id="oc-137">
         <name>.debug_info</name>
         <load_address>0x13005</load_address>
         <run_address>0x13005</run_address>
         <size>0x30c</size>
         <input_file_ref idref="fl-8"/>
      </object_component>
      <object_component id="oc-242">
         <name>.debug_info</name>
         <load_address>0x13311</load_address>
         <run_address>0x13311</run_address>
         <size>0x130</size>
         <input_file_ref idref="fl-8"/>
      </object_component>
      <object_component id="oc-191">
         <name>.debug_info</name>
         <load_address>0x13441</load_address>
         <run_address>0x13441</run_address>
         <size>0x867</size>
         <input_file_ref idref="fl-9"/>
      </object_component>
      <object_component id="oc-186">
         <name>.debug_info</name>
         <load_address>0x13ca8</load_address>
         <run_address>0x13ca8</run_address>
         <size>0x124</size>
         <input_file_ref idref="fl-9"/>
      </object_component>
      <object_component id="oc-189">
         <name>.debug_info</name>
         <load_address>0x13dcc</load_address>
         <run_address>0x13dcc</run_address>
         <size>0x124</size>
         <input_file_ref idref="fl-9"/>
      </object_component>
      <object_component id="oc-183">
         <name>.debug_info</name>
         <load_address>0x13ef0</load_address>
         <run_address>0x13ef0</run_address>
         <size>0x15c</size>
         <input_file_ref idref="fl-9"/>
      </object_component>
      <object_component id="oc-180">
         <name>.debug_info</name>
         <load_address>0x1404c</load_address>
         <run_address>0x1404c</run_address>
         <size>0x148</size>
         <input_file_ref idref="fl-9"/>
      </object_component>
      <object_component id="oc-a2">
         <name>.debug_info</name>
         <load_address>0x14194</load_address>
         <run_address>0x14194</run_address>
         <size>0x23df</size>
         <input_file_ref idref="fl-9"/>
      </object_component>
      <object_component id="oc-192">
         <name>.debug_info</name>
         <load_address>0x16573</load_address>
         <run_address>0x16573</run_address>
         <size>0x1ce</size>
         <input_file_ref idref="fl-9"/>
      </object_component>
      <object_component id="oc-18c">
         <name>.debug_info</name>
         <load_address>0x16741</load_address>
         <run_address>0x16741</run_address>
         <size>0x46</size>
         <input_file_ref idref="fl-9"/>
      </object_component>
      <object_component id="oc-90">
         <name>.debug_info</name>
         <load_address>0x16787</load_address>
         <run_address>0x16787</run_address>
         <size>0x49d</size>
         <input_file_ref idref="fl-a"/>
      </object_component>
      <object_component id="oc-83">
         <name>.debug_info</name>
         <load_address>0x16c24</load_address>
         <run_address>0x16c24</run_address>
         <size>0x199</size>
         <input_file_ref idref="fl-a"/>
      </object_component>
      <object_component id="oc-8d">
         <name>.debug_info</name>
         <load_address>0x16dbd</load_address>
         <run_address>0x16dbd</run_address>
         <size>0x1a4</size>
         <input_file_ref idref="fl-a"/>
      </object_component>
      <object_component id="oc-34">
         <name>.debug_info</name>
         <load_address>0x16f61</load_address>
         <run_address>0x16f61</run_address>
         <size>0x930</size>
         <input_file_ref idref="fl-a"/>
      </object_component>
      <object_component id="oc-30">
         <name>.debug_info</name>
         <load_address>0x17891</load_address>
         <run_address>0x17891</run_address>
         <size>0x286</size>
         <input_file_ref idref="fl-b"/>
      </object_component>
      <object_component id="oc-256">
         <name>.debug_info</name>
         <load_address>0x17b17</load_address>
         <run_address>0x17b17</run_address>
         <size>0x529</size>
         <input_file_ref idref="fl-c"/>
      </object_component>
      <object_component id="oc-253">
         <name>.debug_info</name>
         <load_address>0x18040</load_address>
         <run_address>0x18040</run_address>
         <size>0x11f</size>
         <input_file_ref idref="fl-c"/>
      </object_component>
      <object_component id="oc-250">
         <name>.debug_info</name>
         <load_address>0x1815f</load_address>
         <run_address>0x1815f</run_address>
         <size>0x11f</size>
         <input_file_ref idref="fl-c"/>
      </object_component>
      <object_component id="oc-24d">
         <name>.debug_info</name>
         <load_address>0x1827e</load_address>
         <run_address>0x1827e</run_address>
         <size>0x22b</size>
         <input_file_ref idref="fl-c"/>
      </object_component>
      <object_component id="oc-141">
         <name>.debug_info</name>
         <load_address>0x184a9</load_address>
         <run_address>0x184a9</run_address>
         <size>0xb3c</size>
         <input_file_ref idref="fl-c"/>
      </object_component>
      <object_component id="oc-2c9">
         <name>.debug_info</name>
         <load_address>0x18fe5</load_address>
         <run_address>0x18fe5</run_address>
         <size>0x62</size>
         <input_file_ref idref="fl-c"/>
      </object_component>
      <object_component id="oc-aa">
         <name>.debug_info</name>
         <load_address>0x19047</load_address>
         <run_address>0x19047</run_address>
         <size>0x262</size>
         <input_file_ref idref="fl-d"/>
      </object_component>
      <object_component id="oc-b5">
         <name>.debug_info</name>
         <load_address>0x192a9</load_address>
         <run_address>0x192a9</run_address>
         <size>0x2b0</size>
         <input_file_ref idref="fl-e"/>
      </object_component>
      <object_component id="oc-ae">
         <name>.debug_info</name>
         <load_address>0x19559</load_address>
         <run_address>0x19559</run_address>
         <size>0x37b</size>
         <input_file_ref idref="fl-f"/>
      </object_component>
      <object_component id="oc-282">
         <name>.debug_info</name>
         <load_address>0x198d4</load_address>
         <run_address>0x198d4</run_address>
         <size>0x29d</size>
         <input_file_ref idref="fl-10"/>
      </object_component>
      <object_component id="oc-1ab">
         <name>.debug_info</name>
         <load_address>0x19b71</load_address>
         <run_address>0x19b71</run_address>
         <size>0x103</size>
         <input_file_ref idref="fl-10"/>
      </object_component>
      <object_component id="oc-1a6">
         <name>.debug_info</name>
         <load_address>0x19c74</load_address>
         <run_address>0x19c74</run_address>
         <size>0x206</size>
         <input_file_ref idref="fl-10"/>
      </object_component>
      <object_component id="oc-2da">
         <name>.debug_info</name>
         <load_address>0x19e7a</load_address>
         <run_address>0x19e7a</run_address>
         <size>0xb7</size>
         <input_file_ref idref="fl-10"/>
      </object_component>
      <object_component id="oc-198">
         <name>.debug_info</name>
         <load_address>0x19f31</load_address>
         <run_address>0x19f31</run_address>
         <size>0x7fa</size>
         <input_file_ref idref="fl-11"/>
      </object_component>
      <object_component id="oc-c1">
         <name>.debug_info</name>
         <load_address>0x1a72b</load_address>
         <run_address>0x1a72b</run_address>
         <size>0x1ab</size>
         <input_file_ref idref="fl-12"/>
      </object_component>
      <object_component id="oc-276">
         <name>.debug_info</name>
         <load_address>0x1a8d6</load_address>
         <run_address>0x1a8d6</run_address>
         <size>0x53f</size>
         <input_file_ref idref="fl-13"/>
      </object_component>
      <object_component id="oc-1b4">
         <name>.debug_info</name>
         <load_address>0x1ae15</load_address>
         <run_address>0x1ae15</run_address>
         <size>0x29f</size>
         <input_file_ref idref="fl-14"/>
      </object_component>
      <object_component id="oc-b9">
         <name>.debug_info</name>
         <load_address>0x1b0b4</load_address>
         <run_address>0x1b0b4</run_address>
         <size>0x6af</size>
         <input_file_ref idref="fl-14"/>
      </object_component>
      <object_component id="oc-4e">
         <name>.debug_info</name>
         <load_address>0x1b763</load_address>
         <run_address>0x1b763</run_address>
         <size>0x119</size>
         <input_file_ref idref="fl-d0"/>
      </object_component>
      <object_component id="oc-117">
         <name>.debug_info</name>
         <load_address>0x1b87c</load_address>
         <run_address>0x1b87c</run_address>
         <size>0x147</size>
         <input_file_ref idref="fl-d1"/>
      </object_component>
      <object_component id="oc-1b1">
         <name>.debug_info</name>
         <load_address>0x1b9c3</load_address>
         <run_address>0x1b9c3</run_address>
         <size>0x13f</size>
         <input_file_ref idref="fl-d2"/>
      </object_component>
      <object_component id="oc-28d">
         <name>.debug_info</name>
         <load_address>0x1bb02</load_address>
         <run_address>0x1bb02</run_address>
         <size>0x134</size>
         <input_file_ref idref="fl-d3"/>
      </object_component>
      <object_component id="oc-115">
         <name>.debug_info</name>
         <load_address>0x1bc36</load_address>
         <run_address>0x1bc36</run_address>
         <size>0x2d4</size>
         <input_file_ref idref="fl-d4"/>
      </object_component>
      <object_component id="oc-61">
         <name>.debug_info</name>
         <load_address>0x1bf0a</load_address>
         <run_address>0x1bf0a</run_address>
         <size>0x1b5</size>
         <input_file_ref idref="fl-d4"/>
      </object_component>
      <object_component id="oc-110">
         <name>.debug_info</name>
         <load_address>0x1c0bf</load_address>
         <run_address>0x1c0bf</run_address>
         <size>0x46</size>
         <input_file_ref idref="fl-d4"/>
      </object_component>
      <object_component id="oc-1e1">
         <name>.debug_info</name>
         <load_address>0x1c105</load_address>
         <run_address>0x1c105</run_address>
         <size>0x2c</size>
         <input_file_ref idref="fl-d4"/>
      </object_component>
      <object_component id="oc-57">
         <name>.debug_info</name>
         <load_address>0x1c131</load_address>
         <run_address>0x1c131</run_address>
         <size>0x2a8</size>
         <input_file_ref idref="fl-d5"/>
      </object_component>
      <object_component id="oc-1d">
         <name>.debug_info</name>
         <load_address>0x1c3d9</load_address>
         <run_address>0x1c3d9</run_address>
         <size>0x1ea</size>
         <input_file_ref idref="fl-d5"/>
      </object_component>
      <object_component id="oc-52">
         <name>.debug_info</name>
         <load_address>0x1c5c3</load_address>
         <run_address>0x1c5c3</run_address>
         <size>0x46</size>
         <input_file_ref idref="fl-d5"/>
      </object_component>
      <object_component id="oc-108">
         <name>.debug_info</name>
         <load_address>0x1c609</load_address>
         <run_address>0x1c609</run_address>
         <size>0x2c</size>
         <input_file_ref idref="fl-d5"/>
      </object_component>
      <object_component id="oc-106">
         <name>.debug_info</name>
         <load_address>0x1c635</load_address>
         <run_address>0x1c635</run_address>
         <size>0x29e</size>
         <input_file_ref idref="fl-d6"/>
      </object_component>
      <object_component id="oc-16">
         <name>.debug_info</name>
         <load_address>0x1c8d3</load_address>
         <run_address>0x1c8d3</run_address>
         <size>0x250</size>
         <input_file_ref idref="fl-d6"/>
      </object_component>
      <object_component id="oc-42">
         <name>.debug_info</name>
         <load_address>0x1cb23</load_address>
         <run_address>0x1cb23</run_address>
         <size>0x60</size>
         <input_file_ref idref="fl-d6"/>
      </object_component>
      <object_component id="oc-1da">
         <name>.debug_info</name>
         <load_address>0x1cb83</load_address>
         <run_address>0x1cb83</run_address>
         <size>0x46</size>
         <input_file_ref idref="fl-d6"/>
      </object_component>
      <object_component id="oc-101">
         <name>.debug_info</name>
         <load_address>0x1cbc9</load_address>
         <run_address>0x1cbc9</run_address>
         <size>0x39</size>
         <input_file_ref idref="fl-d6"/>
      </object_component>
      <object_component id="oc-25">
         <name>.debug_info</name>
         <load_address>0x1cc02</load_address>
         <run_address>0x1cc02</run_address>
         <size>0x10b</size>
         <input_file_ref idref="fl-d7"/>
      </object_component>
      <object_component id="oc-6c">
         <name>.debug_info</name>
         <load_address>0x1cd0d</load_address>
         <run_address>0x1cd0d</run_address>
         <size>0x1a9</size>
         <input_file_ref idref="fl-d7"/>
      </object_component>
      <object_component id="oc-286">
         <name>.debug_info</name>
         <load_address>0x1ceb6</load_address>
         <run_address>0x1ceb6</run_address>
         <size>0x115</size>
         <input_file_ref idref="fl-d8"/>
      </object_component>
      <object_component id="oc-2b0">
         <name>.debug_info</name>
         <load_address>0x1cfcb</load_address>
         <run_address>0x1cfcb</run_address>
         <size>0x4b3</size>
         <input_file_ref idref="fl-d9"/>
      </object_component>
      <object_component id="oc-20d">
         <name>.debug_info</name>
         <load_address>0x1d47e</load_address>
         <run_address>0x1d47e</run_address>
         <size>0x1a6</size>
         <input_file_ref idref="fl-d9"/>
      </object_component>
      <object_component id="oc-2f3">
         <name>.debug_info</name>
         <load_address>0x1d624</load_address>
         <run_address>0x1d624</run_address>
         <size>0x39</size>
         <input_file_ref idref="fl-d9"/>
      </object_component>
      <object_component id="oc-307">
         <name>.debug_info</name>
         <load_address>0x1d65d</load_address>
         <run_address>0x1d65d</run_address>
         <size>0x39</size>
         <input_file_ref idref="fl-d9"/>
      </object_component>
      <object_component id="oc-2f8">
         <name>.debug_info</name>
         <load_address>0x1d696</load_address>
         <run_address>0x1d696</run_address>
         <size>0x39</size>
         <input_file_ref idref="fl-d9"/>
      </object_component>
      <object_component id="oc-2fd">
         <name>.debug_info</name>
         <load_address>0x1d6cf</load_address>
         <run_address>0x1d6cf</run_address>
         <size>0xcd</size>
         <input_file_ref idref="fl-d9"/>
      </object_component>
      <object_component id="oc-11d">
         <name>.debug_info</name>
         <load_address>0x1d79c</load_address>
         <run_address>0x1d79c</run_address>
         <size>0x153</size>
         <input_file_ref idref="fl-da"/>
      </object_component>
      <object_component id="oc-1fe">
         <name>.debug_info</name>
         <load_address>0x1d8ef</load_address>
         <run_address>0x1d8ef</run_address>
         <size>0x122</size>
         <input_file_ref idref="fl-dc"/>
      </object_component>
      <object_component id="oc-342">
         <name>.debug_info</name>
         <load_address>0x1da11</load_address>
         <run_address>0x1da11</run_address>
         <size>0xd0</size>
      </object_component>
      <object_component id="oc-26a">
         <name>.debug_line</name>
         <load_address>0x0</load_address>
         <run_address>0x0</run_address>
         <size>0x1b3</size>
         <input_file_ref idref="fl-2"/>
      </object_component>
      <object_component id="oc-126">
         <name>.debug_line</name>
         <load_address>0x1b3</load_address>
         <run_address>0x1b3</run_address>
         <size>0xa8</size>
         <input_file_ref idref="fl-2"/>
      </object_component>
      <object_component id="oc-e4">
         <name>.debug_line</name>
         <load_address>0x25b</load_address>
         <run_address>0x25b</run_address>
         <size>0x9e</size>
         <input_file_ref idref="fl-2"/>
      </object_component>
      <object_component id="oc-27f">
         <name>.debug_line</name>
         <load_address>0x2f9</load_address>
         <run_address>0x2f9</run_address>
         <size>0x8b</size>
         <input_file_ref idref="fl-2"/>
      </object_component>
      <object_component id="oc-1a1">
         <name>.debug_line</name>
         <load_address>0x384</load_address>
         <run_address>0x384</run_address>
         <size>0x89</size>
         <input_file_ref idref="fl-2"/>
      </object_component>
      <object_component id="oc-1c7">
         <name>.debug_line</name>
         <load_address>0x40d</load_address>
         <run_address>0x40d</run_address>
         <size>0x8a</size>
         <input_file_ref idref="fl-2"/>
      </object_component>
      <object_component id="oc-f3">
         <name>.debug_line</name>
         <load_address>0x497</load_address>
         <run_address>0x497</run_address>
         <size>0x30</size>
         <input_file_ref idref="fl-2"/>
      </object_component>
      <object_component id="oc-ff">
         <name>.debug_line</name>
         <load_address>0x4c7</load_address>
         <run_address>0x4c7</run_address>
         <size>0x8f</size>
         <input_file_ref idref="fl-2"/>
      </object_component>
      <object_component id="oc-176">
         <name>.debug_line</name>
         <load_address>0x556</load_address>
         <run_address>0x556</run_address>
         <size>0xa2</size>
         <input_file_ref idref="fl-2"/>
      </object_component>
      <object_component id="oc-ee">
         <name>.debug_line</name>
         <load_address>0x5f8</load_address>
         <run_address>0x5f8</run_address>
         <size>0xa6</size>
         <input_file_ref idref="fl-2"/>
      </object_component>
      <object_component id="oc-f8">
         <name>.debug_line</name>
         <load_address>0x69e</load_address>
         <run_address>0x69e</run_address>
         <size>0x9f</size>
         <input_file_ref idref="fl-2"/>
      </object_component>
      <object_component id="oc-1d1">
         <name>.debug_line</name>
         <load_address>0x73d</load_address>
         <run_address>0x73d</run_address>
         <size>0xa0</size>
         <input_file_ref idref="fl-2"/>
      </object_component>
      <object_component id="oc-4a">
         <name>.debug_line</name>
         <load_address>0x7dd</load_address>
         <run_address>0x7dd</run_address>
         <size>0x20</size>
         <input_file_ref idref="fl-2"/>
      </object_component>
      <object_component id="oc-94">
         <name>.debug_line</name>
         <load_address>0x7fd</load_address>
         <run_address>0x7fd</run_address>
         <size>0xa2</size>
         <input_file_ref idref="fl-2"/>
      </object_component>
      <object_component id="oc-1cc">
         <name>.debug_line</name>
         <load_address>0x89f</load_address>
         <run_address>0x89f</run_address>
         <size>0xa0</size>
         <input_file_ref idref="fl-2"/>
      </object_component>
      <object_component id="oc-17d">
         <name>.debug_line</name>
         <load_address>0x93f</load_address>
         <run_address>0x93f</run_address>
         <size>0x93</size>
         <input_file_ref idref="fl-2"/>
      </object_component>
      <object_component id="oc-9e">
         <name>.debug_line</name>
         <load_address>0x9d2</load_address>
         <run_address>0x9d2</run_address>
         <size>0x90</size>
         <input_file_ref idref="fl-2"/>
      </object_component>
      <object_component id="oc-e9">
         <name>.debug_line</name>
         <load_address>0xa62</load_address>
         <run_address>0xa62</run_address>
         <size>0x90</size>
         <input_file_ref idref="fl-2"/>
      </object_component>
      <object_component id="oc-16c">
         <name>.debug_line</name>
         <load_address>0xaf2</load_address>
         <run_address>0xaf2</run_address>
         <size>0x8b</size>
         <input_file_ref idref="fl-2"/>
      </object_component>
      <object_component id="oc-99">
         <name>.debug_line</name>
         <load_address>0xb7d</load_address>
         <run_address>0xb7d</run_address>
         <size>0xb1</size>
         <input_file_ref idref="fl-2"/>
      </object_component>
      <object_component id="oc-171">
         <name>.debug_line</name>
         <load_address>0xc2e</load_address>
         <run_address>0xc2e</run_address>
         <size>0x9e</size>
         <input_file_ref idref="fl-2"/>
      </object_component>
      <object_component id="oc-fb">
         <name>.debug_line</name>
         <load_address>0xccc</load_address>
         <run_address>0xccc</run_address>
         <size>0x41</size>
         <input_file_ref idref="fl-3"/>
      </object_component>
      <object_component id="oc-3f">
         <name>.debug_line</name>
         <load_address>0xd0d</load_address>
         <run_address>0xd0d</run_address>
         <size>0x41</size>
         <input_file_ref idref="fl-3"/>
      </object_component>
      <object_component id="oc-29">
         <name>.debug_line</name>
         <load_address>0xd4e</load_address>
         <run_address>0xd4e</run_address>
         <size>0xa1</size>
         <input_file_ref idref="fl-3"/>
      </object_component>
      <object_component id="oc-1c3">
         <name>.debug_line</name>
         <load_address>0xdef</load_address>
         <run_address>0xdef</run_address>
         <size>0x4fc</size>
         <input_file_ref idref="fl-4"/>
      </object_component>
      <object_component id="oc-2a2">
         <name>.debug_line</name>
         <load_address>0x12eb</load_address>
         <run_address>0x12eb</run_address>
         <size>0x30</size>
         <input_file_ref idref="fl-4"/>
      </object_component>
      <object_component id="oc-2a4">
         <name>.debug_line</name>
         <load_address>0x131b</load_address>
         <run_address>0x131b</run_address>
         <size>0x30</size>
         <input_file_ref idref="fl-4"/>
      </object_component>
      <object_component id="oc-3c">
         <name>.debug_line</name>
         <load_address>0x134b</load_address>
         <run_address>0x134b</run_address>
         <size>0x465</size>
         <input_file_ref idref="fl-4"/>
      </object_component>
      <object_component id="oc-29a">
         <name>.debug_line</name>
         <load_address>0x17b0</load_address>
         <run_address>0x17b0</run_address>
         <size>0x22f</size>
         <input_file_ref idref="fl-5"/>
      </object_component>
      <object_component id="oc-ce">
         <name>.debug_line</name>
         <load_address>0x19df</load_address>
         <run_address>0x19df</run_address>
         <size>0x2f0</size>
         <input_file_ref idref="fl-5"/>
      </object_component>
      <object_component id="oc-1c0">
         <name>.debug_line</name>
         <load_address>0x1ccf</load_address>
         <run_address>0x1ccf</run_address>
         <size>0x8b</size>
         <input_file_ref idref="fl-5"/>
      </object_component>
      <object_component id="oc-24a">
         <name>.debug_line</name>
         <load_address>0x1d5a</load_address>
         <run_address>0x1d5a</run_address>
         <size>0xa2</size>
         <input_file_ref idref="fl-5"/>
      </object_component>
      <object_component id="oc-29e">
         <name>.debug_line</name>
         <load_address>0x1dfc</load_address>
         <run_address>0x1dfc</run_address>
         <size>0x45</size>
         <input_file_ref idref="fl-5"/>
      </object_component>
      <object_component id="oc-1d7">
         <name>.debug_line</name>
         <load_address>0x1e41</load_address>
         <run_address>0x1e41</run_address>
         <size>0xa6</size>
         <input_file_ref idref="fl-5"/>
      </object_component>
      <object_component id="oc-2d5">
         <name>.debug_line</name>
         <load_address>0x1ee7</load_address>
         <run_address>0x1ee7</run_address>
         <size>0xa2</size>
         <input_file_ref idref="fl-5"/>
      </object_component>
      <object_component id="oc-2d8">
         <name>.debug_line</name>
         <load_address>0x1f89</load_address>
         <run_address>0x1f89</run_address>
         <size>0x20</size>
         <input_file_ref idref="fl-6"/>
      </object_component>
      <object_component id="oc-145">
         <name>.debug_line</name>
         <load_address>0x1fa9</load_address>
         <run_address>0x1fa9</run_address>
         <size>0xf0</size>
         <input_file_ref idref="fl-6"/>
      </object_component>
      <object_component id="oc-293">
         <name>.debug_line</name>
         <load_address>0x2099</load_address>
         <run_address>0x2099</run_address>
         <size>0x22f</size>
         <input_file_ref idref="fl-7"/>
      </object_component>
      <object_component id="oc-c5">
         <name>.debug_line</name>
         <load_address>0x22c8</load_address>
         <run_address>0x22c8</run_address>
         <size>0x96a</size>
         <input_file_ref idref="fl-7"/>
      </object_component>
      <object_component id="oc-297">
         <name>.debug_line</name>
         <load_address>0x2c32</load_address>
         <run_address>0x2c32</run_address>
         <size>0x3e</size>
         <input_file_ref idref="fl-7"/>
      </object_component>
      <object_component id="oc-1ba">
         <name>.debug_line</name>
         <load_address>0x2c70</load_address>
         <run_address>0x2c70</run_address>
         <size>0x9f</size>
         <input_file_ref idref="fl-7"/>
      </object_component>
      <object_component id="oc-240">
         <name>.debug_line</name>
         <load_address>0x2d0f</load_address>
         <run_address>0x2d0f</run_address>
         <size>0x94</size>
         <input_file_ref idref="fl-7"/>
      </object_component>
      <object_component id="oc-23c">
         <name>.debug_line</name>
         <load_address>0x2da3</load_address>
         <run_address>0x2da3</run_address>
         <size>0x3f5</size>
         <input_file_ref idref="fl-8"/>
      </object_component>
      <object_component id="oc-135">
         <name>.debug_line</name>
         <load_address>0x3198</load_address>
         <run_address>0x3198</run_address>
         <size>0x3e</size>
         <input_file_ref idref="fl-8"/>
      </object_component>
      <object_component id="oc-25a">
         <name>.debug_line</name>
         <load_address>0x31d6</load_address>
         <run_address>0x31d6</run_address>
         <size>0x3e</size>
         <input_file_ref idref="fl-8"/>
      </object_component>
      <object_component id="oc-266">
         <name>.debug_line</name>
         <load_address>0x3214</load_address>
         <run_address>0x3214</run_address>
         <size>0x3e</size>
         <input_file_ref idref="fl-8"/>
      </object_component>
      <object_component id="oc-268">
         <name>.debug_line</name>
         <load_address>0x3252</load_address>
         <run_address>0x3252</run_address>
         <size>0x3e</size>
         <input_file_ref idref="fl-8"/>
      </object_component>
      <object_component id="oc-264">
         <name>.debug_line</name>
         <load_address>0x3290</load_address>
         <run_address>0x3290</run_address>
         <size>0x3e</size>
         <input_file_ref idref="fl-8"/>
      </object_component>
      <object_component id="oc-260">
         <name>.debug_line</name>
         <load_address>0x32ce</load_address>
         <run_address>0x32ce</run_address>
         <size>0x3e</size>
         <input_file_ref idref="fl-8"/>
      </object_component>
      <object_component id="oc-25c">
         <name>.debug_line</name>
         <load_address>0x330c</load_address>
         <run_address>0x330c</run_address>
         <size>0x3e</size>
         <input_file_ref idref="fl-8"/>
      </object_component>
      <object_component id="oc-25e">
         <name>.debug_line</name>
         <load_address>0x334a</load_address>
         <run_address>0x334a</run_address>
         <size>0x3e</size>
         <input_file_ref idref="fl-8"/>
      </object_component>
      <object_component id="oc-262">
         <name>.debug_line</name>
         <load_address>0x3388</load_address>
         <run_address>0x3388</run_address>
         <size>0x3e</size>
         <input_file_ref idref="fl-8"/>
      </object_component>
      <object_component id="oc-86">
         <name>.debug_line</name>
         <load_address>0x33c6</load_address>
         <run_address>0x33c6</run_address>
         <size>0xd17</size>
         <input_file_ref idref="fl-8"/>
      </object_component>
      <object_component id="oc-13a">
         <name>.debug_line</name>
         <load_address>0x40dd</load_address>
         <run_address>0x40dd</run_address>
         <size>0x9e</size>
         <input_file_ref idref="fl-8"/>
      </object_component>
      <object_component id="oc-245">
         <name>.debug_line</name>
         <load_address>0x417b</load_address>
         <run_address>0x417b</run_address>
         <size>0x3e</size>
         <input_file_ref idref="fl-8"/>
      </object_component>
      <object_component id="oc-274">
         <name>.debug_line</name>
         <load_address>0x41b9</load_address>
         <run_address>0x41b9</run_address>
         <size>0x2ae</size>
         <input_file_ref idref="fl-9"/>
      </object_component>
      <object_component id="oc-270">
         <name>.debug_line</name>
         <load_address>0x4467</load_address>
         <run_address>0x4467</run_address>
         <size>0x3f</size>
         <input_file_ref idref="fl-9"/>
      </object_component>
      <object_component id="oc-272">
         <name>.debug_line</name>
         <load_address>0x44a6</load_address>
         <run_address>0x44a6</run_address>
         <size>0x3f</size>
         <input_file_ref idref="fl-9"/>
      </object_component>
      <object_component id="oc-26e">
         <name>.debug_line</name>
         <load_address>0x44e5</load_address>
         <run_address>0x44e5</run_address>
         <size>0x3f</size>
         <input_file_ref idref="fl-9"/>
      </object_component>
      <object_component id="oc-26c">
         <name>.debug_line</name>
         <load_address>0x4524</load_address>
         <run_address>0x4524</run_address>
         <size>0x3f</size>
         <input_file_ref idref="fl-9"/>
      </object_component>
      <object_component id="oc-a4">
         <name>.debug_line</name>
         <load_address>0x4563</load_address>
         <run_address>0x4563</run_address>
         <size>0x4d8</size>
         <input_file_ref idref="fl-9"/>
      </object_component>
      <object_component id="oc-195">
         <name>.debug_line</name>
         <load_address>0x4a3b</load_address>
         <run_address>0x4a3b</run_address>
         <size>0x3f</size>
         <input_file_ref idref="fl-9"/>
      </object_component>
      <object_component id="oc-18f">
         <name>.debug_line</name>
         <load_address>0x4a7a</load_address>
         <run_address>0x4a7a</run_address>
         <size>0xa0</size>
         <input_file_ref idref="fl-9"/>
      </object_component>
      <object_component id="oc-168">
         <name>.debug_line</name>
         <load_address>0x4b1a</load_address>
         <run_address>0x4b1a</run_address>
         <size>0xd1</size>
         <input_file_ref idref="fl-a"/>
      </object_component>
      <object_component id="oc-13d">
         <name>.debug_line</name>
         <load_address>0x4beb</load_address>
         <run_address>0x4beb</run_address>
         <size>0x53</size>
         <input_file_ref idref="fl-a"/>
      </object_component>
      <object_component id="oc-166">
         <name>.debug_line</name>
         <load_address>0x4c3e</load_address>
         <run_address>0x4c3e</run_address>
         <size>0x53</size>
         <input_file_ref idref="fl-a"/>
      </object_component>
      <object_component id="oc-33">
         <name>.debug_line</name>
         <load_address>0x4c91</load_address>
         <run_address>0x4c91</run_address>
         <size>0x192</size>
         <input_file_ref idref="fl-a"/>
      </object_component>
      <object_component id="oc-2e">
         <name>.debug_line</name>
         <load_address>0x4e23</load_address>
         <run_address>0x4e23</run_address>
         <size>0xe8</size>
         <input_file_ref idref="fl-b"/>
      </object_component>
      <object_component id="oc-2d1">
         <name>.debug_line</name>
         <load_address>0x4f0b</load_address>
         <run_address>0x4f0b</run_address>
         <size>0x21c</size>
         <input_file_ref idref="fl-c"/>
      </object_component>
      <object_component id="oc-2cf">
         <name>.debug_line</name>
         <load_address>0x5127</load_address>
         <run_address>0x5127</run_address>
         <size>0x50</size>
         <input_file_ref idref="fl-c"/>
      </object_component>
      <object_component id="oc-2c8">
         <name>.debug_line</name>
         <load_address>0x5177</load_address>
         <run_address>0x5177</run_address>
         <size>0x50</size>
         <input_file_ref idref="fl-c"/>
      </object_component>
      <object_component id="oc-2c6">
         <name>.debug_line</name>
         <load_address>0x51c7</load_address>
         <run_address>0x51c7</run_address>
         <size>0x50</size>
         <input_file_ref idref="fl-c"/>
      </object_component>
      <object_component id="oc-13f">
         <name>.debug_line</name>
         <load_address>0x5217</load_address>
         <run_address>0x5217</run_address>
         <size>0x22a</size>
         <input_file_ref idref="fl-c"/>
      </object_component>
      <object_component id="oc-2cc">
         <name>.debug_line</name>
         <load_address>0x5441</load_address>
         <run_address>0x5441</run_address>
         <size>0x50</size>
         <input_file_ref idref="fl-c"/>
      </object_component>
      <object_component id="oc-a7">
         <name>.debug_line</name>
         <load_address>0x5491</load_address>
         <run_address>0x5491</run_address>
         <size>0x67</size>
         <input_file_ref idref="fl-d"/>
      </object_component>
      <object_component id="oc-b7">
         <name>.debug_line</name>
         <load_address>0x54f8</load_address>
         <run_address>0x54f8</run_address>
         <size>0x77</size>
         <input_file_ref idref="fl-e"/>
      </object_component>
      <object_component id="oc-b0">
         <name>.debug_line</name>
         <load_address>0x556f</load_address>
         <run_address>0x556f</run_address>
         <size>0x8c</size>
         <input_file_ref idref="fl-f"/>
      </object_component>
      <object_component id="oc-2e0">
         <name>.debug_line</name>
         <load_address>0x55fb</load_address>
         <run_address>0x55fb</run_address>
         <size>0x20</size>
         <input_file_ref idref="fl-10"/>
      </object_component>
      <object_component id="oc-284">
         <name>.debug_line</name>
         <load_address>0x561b</load_address>
         <run_address>0x561b</run_address>
         <size>0x31</size>
         <input_file_ref idref="fl-10"/>
      </object_component>
      <object_component id="oc-1a5">
         <name>.debug_line</name>
         <load_address>0x564c</load_address>
         <run_address>0x564c</run_address>
         <size>0xb0</size>
         <input_file_ref idref="fl-10"/>
      </object_component>
      <object_component id="oc-2dd">
         <name>.debug_line</name>
         <load_address>0x56fc</load_address>
         <run_address>0x56fc</run_address>
         <size>0x32</size>
         <input_file_ref idref="fl-10"/>
      </object_component>
      <object_component id="oc-19c">
         <name>.debug_line</name>
         <load_address>0x572e</load_address>
         <run_address>0x572e</run_address>
         <size>0x42a</size>
[...]
      <symbol id="sm-671">
         <name>xTaskGenericNotifyFromISR</name>
         <value>0x20a3</value>
         <object_component_ref idref="oc-85"/>
      </symbol>
      <symbol id="sm-672">
         <name>uxTaskPriorityGet</name>
         <value>0x6dd</value>
         <object_component_ref idref="oc-85"/>
      </symbol>
      <symbol id="sm-673">
         <name>xTaskResumeAll</name>
         <value>0xcc9</value>
         <object_component_ref idref="oc-85"/>
      </symbol>
      <symbol id="sm-674">
         <name>vTaskSetApplicationTaskTag</name>
         <value>0x112f</value>
         <object_component_ref idref="oc-85"/>
      </symbol>
      <symbol id="sm-675">
         <name>xTaskGetTickCount</name>
         <value>0xe73</value>
         <object_component_ref idref="oc-85"/>
      </symbol>
      <symbol id="sm-676">
         <name>ulTaskGenericNotifyTake</name>
         <value>0x1d19</value>
         <object_component_ref idref="oc-85"/>
      </symbol>
      <symbol id="sm-677">
         <name>vTaskDelete</name>
         <value>0x4bf</value>
         <object_component_ref idref="oc-85"/>
      </symbol>
      <symbol id="sm-678">
         <name>xTaskGetApplicationTaskTag</name>
         <value>0x1155</value>
         <object_component_ref idref="oc-85"/>
      </symbol>
      <symbol id="sm-679">
         <name>xTaskCallApplicationTaskHook</name>
         <value>0x11b3</value>
         <object_component_ref idref="oc-85"/>
      </symbol>
      <symbol id="sm-67a">
         <name>ulTaskGenericNotifyValueClear</name>
         <value>0x2511</value>
         <object_component_ref idref="oc-85"/>
      </symbol>
      <symbol id="sm-67b">
         <name>xTaskGenericNotifyWait</name>
         <value>0x1dd5</value>
         <object_component_ref idref="oc-85"/>
      </symbol>
      <symbol id="sm-67c">
         <name>pxCurrentTCB</name>
         <value>0x20005ef0</value>
         <object_component_ref idref="oc-7f"/>
      </symbol>
      <symbol id="sm-67d">
         <name>vTaskSuspend</name>
         <value>0x8c3</value>
         <object_component_ref idref="oc-85"/>
      </symbol>
      <symbol id="sm-67e">
         <name>xTaskGetTickCountFromISR</name>
         <value>0xe83</value>
         <object_component_ref idref="oc-85"/>
      </symbol>
      <symbol id="sm-67f">
         <name>vTaskResume</name>
         <value>0xa29</value>
         <object_component_ref idref="oc-85"/>
      </symbol>
      <symbol id="sm-680">
         <name>uxTopUsedPriority</name>
         <value>0x75a8</value>
         <object_component_ref idref="oc-157"/>
      </symbol>
      <symbol id="sm-681">
         <name>vTaskPlaceOnEventListRestricted</name>
         <value>0x13c5</value>
         <object_component_ref idref="oc-85"/>
      </symbol>
      <symbol id="sm-682">
         <name>vTaskSetTimeOutState</name>
         <value>0x16eb</value>
         <object_component_ref idref="oc-85"/>
      </symbol>
      <symbol id="sm-683">
         <name>xTaskIncrementTick</name>
         <value>0xf51</value>
         <object_component_ref idref="oc-85"/>
      </symbol>
      <symbol id="sm-684">
         <name>vTaskSwitchContext</name>
         <value>0x1201</value>
         <object_component_ref idref="oc-85"/>
      </symbol>
      <symbol id="sm-685">
         <name>uxTaskResetEventItemValue</name>
         <value>0x1cdf</value>
         <object_component_ref idref="oc-85"/>
      </symbol>
      <symbol id="sm-686">
         <name>xTaskGetSchedulerState</name>
         <value>0x190d</value>
         <object_component_ref idref="oc-85"/>
      </symbol>
      <symbol id="sm-687">
         <name>xTaskResumeFromISR</name>
         <value>0xb0d</value>
         <object_component_ref idref="oc-85"/>
      </symbol>
      <symbol id="sm-688">
         <name>xTaskGetCurrentTaskHandle</name>
         <value>0x18fd</value>
         <object_component_ref idref="oc-85"/>
      </symbol>
      <symbol id="sm-689">
         <name>vTaskPlaceOnUnorderedEventList</name>
         <value>0x1329</value>
         <object_component_ref idref="oc-85"/>
      </symbol>
      <symbol id="sm-68a">
         <name>xTaskRemoveFromEventList</name>
         <value>0x1445</value>
         <object_component_ref idref="oc-85"/>
      </symbol>
      <symbol id="sm-68b">
         <name>xTaskPriorityInherit</name>
         <value>0x193d</value>
         <object_component_ref idref="oc-85"/>
      </symbol>
      <symbol id="sm-752">
         <name>xTimerGetTimerDaemonTaskHandle</name>
         <value>0x523d</value>
         <object_component_ref idref="oc-a0"/>
      </symbol>
      <symbol id="sm-753">
         <name>pcTimerGetName</name>
         <value>0x5345</value>
         <object_component_ref idref="oc-a0"/>
      </symbol>
      <symbol id="sm-754">
         <name>xTimerCreateTimerTask</name>
         <value>0x50e1</value>
         <object_component_ref idref="oc-a0"/>
      </symbol>
      <symbol id="sm-755">
         <name>xTimerGetExpiryTime</name>
         <value>0x5317</value>
         <object_component_ref idref="oc-a0"/>
      </symbol>
      <symbol id="sm-756">
         <name>xTimerIsTimerActive</name>
         <value>0x576d</value>
         <object_component_ref idref="oc-a0"/>
      </symbol>
      <symbol id="sm-757">
         <name>xTimerGetPeriod</name>
         <value>0x525f</value>
         <object_component_ref idref="oc-a0"/>
      </symbol>
      <symbol id="sm-758">
         <name>xTimerGetReloadMode</name>
         <value>0x52cf</value>
         <object_component_ref idref="oc-a0"/>
      </symbol>
      <symbol id="sm-759">
         <name>xTimerCreate</name>
         <value>0x511f</value>
         <object_component_ref idref="oc-a0"/>
      </symbol>
      <symbol id="sm-75a">
         <name>vTimerSetReloadMode</name>
         <value>0x5285</value>
         <object_component_ref idref="oc-a0"/>
      </symbol>
      <symbol id="sm-75b">
         <name>xTimerGenericCommand</name>
         <value>0x51bd</value>
         <object_component_ref idref="oc-a0"/>
      </symbol>
      <symbol id="sm-75c">
         <name>uxTimerGetReloadMode</name>
         <value>0x530b</value>
         <object_component_ref idref="oc-a0"/>
      </symbol>
      <symbol id="sm-75d">
         <name>pvTimerGetTimerID</name>
         <value>0x57a9</value>
         <object_component_ref idref="oc-a0"/>
      </symbol>
      <symbol id="sm-75e">
         <name>xTimerPendFunctionCallFromISR</name>
         <value>0x5805</value>
         <object_component_ref idref="oc-a0"/>
      </symbol>
      <symbol id="sm-75f">
         <name>xTimerPendFunctionCall</name>
         <value>0x583b</value>
         <object_component_ref idref="oc-a0"/>
      </symbol>
      <symbol id="sm-760">
         <name>vTimerSetTimerID</name>
         <value>0x57d7</value>
         <object_component_ref idref="oc-a0"/>
      </symbol>
      <symbol id="sm-7b0">
         <name>ulMaxSyscallInterruptPriority</name>
         <value>0x75a0</value>
         <object_component_ref idref="oc-82"/>
      </symbol>
      <symbol id="sm-7b1">
         <name>vPortSetupTimerInterrupt</name>
         <value>0x679d</value>
         <object_component_ref idref="oc-32"/>
      </symbol>
      <symbol id="sm-7b2">
         <name>vPortEndScheduler</name>
         <value>0x66e5</value>
         <object_component_ref idref="oc-32"/>
      </symbol>
      <symbol id="sm-7b3">
         <name>xPortSysTickHandler</name>
         <value>0x6777</value>
         <object_component_ref idref="oc-32"/>
      </symbol>
      <symbol id="sm-7b4">
         <name>vPortValidateInterruptPriority</name>
         <value>0x67b9</value>
         <object_component_ref idref="oc-32"/>
      </symbol>
      <symbol id="sm-7b5">
         <name>pxPortInitialiseStack</name>
         <value>0x65a1</value>
         <object_component_ref idref="oc-32"/>
      </symbol>
      <symbol id="sm-7b6">
         <name>vPortExitCritical</name>
         <value>0x674b</value>
         <object_component_ref idref="oc-32"/>
      </symbol>
      <symbol id="sm-7b7">
         <name>xPortStartScheduler</name>
         <value>0x662d</value>
         <object_component_ref idref="oc-32"/>
      </symbol>
      <symbol id="sm-7b8">
         <name>vPortEnterCritical</name>
         <value>0x6709</value>
         <object_component_ref idref="oc-32"/>
      </symbol>
      <symbol id="sm-7c7">
         <name>vPortStartFirstTask</name>
         <value>0x7051</value>
         <object_component_ref idref="oc-2d"/>
      </symbol>
      <symbol id="sm-7c8">
         <name>ulPortGetIPSR</name>
         <value>0x6fb9</value>
         <object_component_ref idref="oc-2d"/>
      </symbol>
      <symbol id="sm-7c9">
         <name>vPortEnableVFP</name>
         <value>0x7075</value>
         <object_component_ref idref="oc-2d"/>
      </symbol>
      <symbol id="sm-7ca">
         <name>xPortPendSVHandler</name>
         <value>0x6fd1</value>
         <object_component_ref idref="oc-2d"/>
      </symbol>
      <symbol id="sm-7cb">
         <name>vPortSVCHandler</name>
         <value>0x7031</value>
         <object_component_ref idref="oc-2d"/>
      </symbol>
      <symbol id="sm-83c">
         <name>vPortInitialiseBlocks</name>
         <value>0x5fa1</value>
         <object_component_ref idref="oc-13e"/>
      </symbol>
      <symbol id="sm-83d">
         <name>vPortGetHeapStats</name>
         <value>0x6135</value>
         <object_component_ref idref="oc-13e"/>
      </symbol>
      <symbol id="sm-83e">
         <name>xPortGetFreeHeapSize</name>
         <value>0x5f95</value>
         <object_component_ref idref="oc-13e"/>
      </symbol>
      <symbol id="sm-83f">
         <name>pvPortCalloc</name>
         <value>0x5fa3</value>
         <object_component_ref idref="oc-13e"/>
      </symbol>
      <symbol id="sm-840">
         <name>pvPortMalloc</name>
         <value>0x5d9d</value>
         <object_component_ref idref="oc-13e"/>
      </symbol>
      <symbol id="sm-841">
         <name>vPortFree</name>
         <value>0x5ef9</value>
         <object_component_ref idref="oc-13e"/>
      </symbol>
      <symbol id="sm-842">
         <name>xPortGetMinimumEverFreeHeapSize</name>
         <value>0x5f9b</value>
         <object_component_ref idref="oc-13e"/>
      </symbol>
      <symbol id="sm-851">
         <name>LED_set</name>
         <value>0x730f</value>
         <object_component_ref idref="oc-a6"/>
      </symbol>
      <symbol id="sm-852">
         <name>LED_init</name>
         <value>0x72d9</value>
         <object_component_ref idref="oc-a6"/>
      </symbol>
      <symbol id="sm-862">
         <name>TEMPSENSOR_getTemperature</name>
         <value>0x73c7</value>
         <object_component_ref idref="oc-b2"/>
      </symbol>
      <symbol id="sm-863">
         <name>TEMPSENSOR_init</name>
         <value>0x73bd</value>
         <object_component_ref idref="oc-b2"/>
      </symbol>
      <symbol id="sm-875">
         <name>PB_init</name>
         <value>0x7083</value>
         <object_component_ref idref="oc-ac"/>
      </symbol>
      <symbol id="sm-876">
         <name>PB_initEdgeTriggered</name>
         <value>0x70eb</value>
         <object_component_ref idref="oc-ac"/>
      </symbol>
      <symbol id="sm-877">
         <name>PB_getReading</name>
         <value>0x70b9</value>
         <object_component_ref idref="oc-ac"/>
      </symbol>
      <symbol id="sm-8a6">
         <name>ADC_init</name>
         <value>0x6ce9</value>
         <object_component_ref idref="oc-1a4"/>
      </symbol>
      <symbol id="sm-8a7">
         <name>ADC_readChannel</name>
         <value>0x6e09</value>
         <object_component_ref idref="oc-1a4"/>
      </symbol>
      <symbol id="sm-8a8">
         <name>configs</name>
         <value>0x20005e90</value>
         <object_component_ref idref="oc-1aa"/>
      </symbol>
      <symbol id="sm-986">
         <name>GPIO_setupPinDirection</name>
         <value>0x3969</value>
         <object_component_ref idref="oc-197"/>
      </symbol>
      <symbol id="sm-987">
         <name>GPIO_writePort</name>
         <value>0x40f5</value>
         <object_component_ref idref="oc-197"/>
      </symbol>
      <symbol id="sm-988">
         <name>GPIO_readPin</name>
         <value>0x3e65</value>
         <object_component_ref idref="oc-197"/>
      </symbol>
      <symbol id="sm-989">
         <name>GPIO_readPort</name>
         <value>0x4177</value>
         <object_component_ref idref="oc-197"/>
      </symbol>
      <symbol id="sm-98a">
         <name>GPIO_edgeTriggeredInterruptInit</name>
         <value>0x4279</value>
         <object_component_ref idref="oc-197"/>
      </symbol>
      <symbol id="sm-98b">
         <name>GPIO_writePin</name>
         <value>0x3cc9</value>
         <object_component_ref idref="oc-197"/>
      </symbol>
      <symbol id="sm-98c">
         <name>GPIO_setupPortDirection</name>
         <value>0x3f69</value>
         <object_component_ref idref="oc-197"/>
      </symbol>
      <symbol id="sm-99e">
         <name>GPTM_WTimer0Init</name>
         <value>0x7491</value>
         <object_component_ref idref="oc-be"/>
      </symbol>
      <symbol id="sm-99f">
         <name>GPTM_WTimer0Read</name>
         <value>0x74c1</value>
         <object_component_ref idref="oc-be"/>
      </symbol>
      <symbol id="sm-9c9">
         <name>NVIC_DisableException</name>
         <value>0x6bd7</value>
         <object_component_ref idref="oc-275"/>
      </symbol>
      <symbol id="sm-9ca">
         <name>NVIC_SetPriorityIRQ</name>
         <value>0x6b61</value>
         <object_component_ref idref="oc-275"/>
      </symbol>
      <symbol id="sm-9cb">
         <name>NVIC_EnableException</name>
         <value>0x6b91</value>
         <object_component_ref idref="oc-275"/>
      </symbol>
      <symbol id="sm-9cc">
         <name>NVIC_SetPriorityException</name>
         <value>0x6c1b</value>
         <object_component_ref idref="oc-275"/>
      </symbol>
      <symbol id="sm-9cd">
         <name>NVIC_DisableIRQ</name>
         <value>0x6b1f</value>
         <object_component_ref idref="oc-275"/>
      </symbol>
      <symbol id="sm-9ce">
         <name>NVIC_EnableIRQ</name>
         <value>0x6add</value>
         <object_component_ref idref="oc-275"/>
      </symbol>
      <symbol id="sm-a03">
         <name>UART0_ReceiveData</name>
         <value>0x69d5</value>
         <object_component_ref idref="oc-b8"/>
      </symbol>
      <symbol id="sm-a04">
         <name>UART0_SendInteger</name>
         <value>0x6a01</value>
         <object_component_ref idref="oc-b8"/>
      </symbol>
      <symbol id="sm-a05">
         <name>UART0_ReceiveByte</name>
         <value>0x694b</value>
         <object_component_ref idref="oc-b8"/>
      </symbol>
      <symbol id="sm-a06">
         <name>GPIO_SetupUART0Pins</name>
         <value>0x6851</value>
         <object_component_ref idref="oc-b8"/>
      </symbol>
      <symbol id="sm-a07">
         <name>UART0_SendData</name>
         <value>0x69a9</value>
         <object_component_ref idref="oc-b8"/>
      </symbol>
      <symbol id="sm-a08">
         <name>UART0_ReceiveString</name>
         <value>0x6981</value>
         <object_component_ref idref="oc-b8"/>
      </symbol>
      <symbol id="sm-a09">
         <name>UART0_SendByte</name>
         <value>0x692f</value>
         <object_component_ref idref="oc-b8"/>
      </symbol>
      <symbol id="sm-a0a">
         <name>UART0_Init</name>
         <value>0x689d</value>
         <object_component_ref idref="oc-b8"/>
      </symbol>
      <symbol id="sm-a0b">
         <name>UART0_SendString</name>
         <value>0x695b</value>
         <object_component_ref idref="oc-b8"/>
      </symbol>
      <symbol id="sm-a28">
         <name>memcpy</name>
         <value>0x712d</value>
         <object_component_ref idref="oc-4c"/>
      </symbol>
      <symbol id="sm-a29">
         <name>__aeabi_memcpy</name>
         <value>0x712d</value>
         <object_component_ref idref="oc-4c"/>
      </symbol>
      <symbol id="sm-a2a">
         <name>__aeabi_memcpy8</name>
         <value>0x712d</value>
         <object_component_ref idref="oc-4c"/>
      </symbol>
      <symbol id="sm-a2b">
         <name>__aeabi_memcpy4</name>
         <value>0x712d</value>
         <object_component_ref idref="oc-4c"/>
      </symbol>
      <symbol id="sm-a3a">
         <name>__aeabi_memset</name>
         <value>0x7261</value>
         <object_component_ref idref="oc-116"/>
      </symbol>
      <symbol id="sm-a3b">
         <name>memset</name>
         <value>0x7267</value>
         <object_component_ref idref="oc-116"/>
      </symbol>
      <symbol id="sm-a3c">
         <name>__aeabi_memset8</name>
         <value>0x7261</value>
         <object_component_ref idref="oc-116"/>
      </symbol>
      <symbol id="sm-a3d">
         <name>__aeabi_memset4</name>
         <value>0x7261</value>
         <object_component_ref idref="oc-116"/>
      </symbol>
      <symbol id="sm-a3e">
         <name>__aeabi_memclr8</name>
         <value>0x725f</value>
         <object_component_ref idref="oc-116"/>
      </symbol>
      <symbol id="sm-a3f">
         <name>__aeabi_memclr4</name>
         <value>0x725f</value>
         <object_component_ref idref="oc-116"/>
      </symbol>
      <symbol id="sm-a40">
         <name>__aeabi_memclr</name>
         <value>0x725f</value>
         <object_component_ref idref="oc-116"/>
      </symbol>
      <symbol id="sm-a4e">
         <name>__aeabi_ldivmod</name>
         <value>0x734d</value>
         <object_component_ref idref="oc-1ae"/>
      </symbol>
      <symbol id="sm-a5b">
         <name>__aeabi_uldivmod</name>
         <value>0x71c9</value>
         <object_component_ref idref="oc-28a"/>
      </symbol>
      <symbol id="sm-a72">
         <name>__TI_zero_init</name>
         <value>0x756b</value>
         <object_component_ref idref="oc-5e"/>
      </symbol>
      <symbol id="sm-a89">
         <name>__TI_decompress_none</name>
         <value>0x755d</value>
         <object_component_ref idref="oc-1b"/>
      </symbol>
      <symbol id="sm-aac">
         <name>__TI_decompress_lzss</name>
         <value>0x7429</value>
         <object_component_ref idref="oc-15"/>
      </symbol>
      <symbol id="sm-abf">
         <name>__stack</name>
         <value>0x20005c90</value>
         <object_component_ref idref="oc-24"/>
      </symbol>
      <symbol id="sm-ac0">
         <name>_c_int00_noargs</name>
         <value>0x7529</value>
         <object_component_ref idref="oc-6a"/>
      </symbol>
      <symbol id="sm-aca">
         <name>__aeabi_idiv0</name>
         <value>0x5d9b</value>
         <object_component_ref idref="oc-285"/>
      </symbol>
      <symbol id="sm-acb">
         <name>__aeabi_ldiv0</name>
         <value>0x5d9b</value>
         <object_component_ref idref="oc-285"/>
      </symbol>
      <symbol id="sm-af3">
         <name>__TI_auto_init_nobinit_nopinit</name>
         <value>0x74e5</value>
         <object_component_ref idref="oc-209"/>
      </symbol>
      <symbol id="sm-afd">
         <name>_system_pre_init</name>
         <value>0x7583</value>
         <object_component_ref idref="oc-11c"/>
      </symbol>
      <symbol id="sm-b09">
         <name>C$$EXIT</name>
         <value>0x7587</value>
         <object_component_ref idref="oc-1fd"/>
      </symbol>
      <symbol id="sm-b0a">
         <name>abort</name>
         <value>0x7587</value>
         <object_component_ref idref="oc-1fd"/>
      </symbol>
      <symbol id="sm-b0d">
         <name>__TI_static_base__</name>
         <value>0x0</value>
      </symbol>
      <symbol id="sm-b10">
         <name>__mpu_init</name>
         <value>0x0</value>
      </symbol>
      <symbol id="sm-b11">
         <name>_system_post_cinit</name>
         <value>0x0</value>
      </symbol>
   </symbol_table>
   <title>Link successful</title>
</link_info>
