******************************************************************************
                  TI ARM Linker PC v20.2.7                     
******************************************************************************
>> Linked Mon Oct  7 20:25:54 2024

OUTPUT FILE NAME:   <Seat_heater_controlSystem.out>
ENTRY POINT SYMBOL: "_c_int00_noinit_noargs"  address: 00000021


MEMORY CONFIGURATION

         name            origin    length      used     unused   attr    fill
----------------------  --------  ---------  --------  --------  ----  --------
  RAM                   00000020   ffffffe0  00000236  fffffdaa  RWIX


SEGMENT ALLOCATION MAP

run origin  load origin   length   init length attrs members
----------  ----------- ---------- ----------- ----- -------
00000020    00000020    00000036   00000036    r-x
  00000020    00000020    00000036   00000036    r-x .text
00000058    00000058    00000200   00000000    rw-
  00000058    00000058    00000200   00000000    rw- .stack


SECTION ALLOCATION MAP

 output                                  attributes/
section   page    origin      length       input sections
--------  ----  ----------  ----------   ----------------
.text      0    00000020    00000036     
                  00000020    0000002c     rtsv7M4_T_le_v4SPD16_eabi.lib : boot_cortex_m.c.obj (.text:_c_int00_noinit_noargs:_c_int00_noinit_noargs)
                  0000004c    00000004                                   : pre_init.c.obj (.text:_system_pre_init)
                  00000050    00000004                                   : exit.c.obj (.text:abort:abort)
                  00000054    00000002     main.obj (.text)

.init_array 
*          0    00000020    00000000     UNINITIALIZED

__llvm_prf_cnts 
*          0    00000020    00000000     UNINITIALIZED

.stack     0    00000058    00000200     UNINITIALIZED
                  00000058    00000004     rtsv7M4_T_le_v4SPD16_eabi.lib : boot_cortex_m.c.obj (.stack)
                  0000005c    000001fc     --HOLE--

MODULE SUMMARY

       Module                code   ro data   rw data
       ------                ----   -------   -------
    .\
       main.obj              2      0         0      
    +--+---------------------+------+---------+---------+
       Total:                2      0         0      
                                                     
    D:\programes\Code composer\installation files\ccs\tools\compiler\ti-cgt-arm_20.2.7.LTS\lib\rtsv7M4_T_le_v4SPD16_eabi.lib
       boot_cortex_m.c.obj   44     0         0      
       exit.c.obj            4      0         0      
       pre_init.c.obj        4      0         0      
    +--+---------------------+------+---------+---------+
       Total:                52     0         0      
                                                     
       Stack:                0      0         512    
    +--+---------------------+------+---------+---------+
       Grand Total:          54     0         512    


GLOBAL SYMBOLS: SORTED ALPHABETICALLY BY Name 

address   name                   
-------   ----                   
00000051  C$$EXIT                
00000258  __STACK_END            
00000200  __STACK_SIZE           
ffffffff  __TI_pprof_out_hndl    
ffffffff  __TI_prof_data_size    
ffffffff  __TI_prof_data_start   
00000020  __TI_static_base__     
ffffffff  __binit__              
ffffffff  __c_args__             
UNDEFED   __mpu_init             
00000058  __stack                
00000020  __start___llvm_prf_cnts
00000020  __stop___llvm_prf_cnts 
00000021  _c_int00_noinit_noargs 
0000004d  _system_pre_init       
00000051  abort                  
ffffffff  binit                  
00000055  main                   


GLOBAL SYMBOLS: SORTED BY Symbol Address 

address   name                   
-------   ----                   
00000020  __TI_static_base__     
00000020  __start___llvm_prf_cnts
00000020  __stop___llvm_prf_cnts 
00000021  _c_int00_noinit_noargs 
0000004d  _system_pre_init       
00000051  C$$EXIT                
00000051  abort                  
00000055  main                   
00000058  __stack                
00000200  __STACK_SIZE           
00000258  __STACK_END            
ffffffff  __TI_pprof_out_hndl    
ffffffff  __TI_prof_data_size    
ffffffff  __TI_prof_data_start   
ffffffff  __binit__              
ffffffff  __c_args__             
ffffffff  binit                  
UNDEFED   __mpu_init             

[18 symbols]
